
Allocating common symbols
Common symbol       size              file

device_led          0x8               led_driver.o
ledUID              0x4               button_service.o
host                0x4               cli_serial.o
gpbuff              0x100             cli_com.o
report_buff         0x4               cli_com.o
seg                 0x4               task2_start.o
blkdev              0x4               system_kernel.o
node                0x4               serial_driver.o
rs                  0x10              swiapi.o
ublkdev             0x4               system_kernel.o
directoryStack      0x80              cmd_program.o
serial              0x4               cli_serial.o
STATE               0x4               cinit.o
countdown           0x4               tick_service.o
ublkdev_task1       0x4               task1_start.o
segment             0x8               segment_driver.o
useg                0x4               task2_start.o
command_line        0x100             cli_com.o
bcb                 0x10              ddf_io.o
blkdev_task1        0x4               task1_start.o
error_buff          0x4               cli_com.o
FileManager         0x18000           system_kernel.o
ledNode             0x4               button_service.o

Memory Configuration

Name             Origin             Length             Attributes
*default*        0x00000000         0xffffffff

Linker script and memory map

                0xa00c0000                . = 0xa00c0000
                0xa00c0000                . = ALIGN (0x4)

.text           0xa00c0000     0x4488
 *(.text)
 .text          0xa00c0000       0x44 start.o
                0xa00c0000                _mainCRTStartup
                0xa00c0000                _start
                0xa00c0000                start
 .text          0xa00c0044       0x80 init.o
                0xa00c0044                coreInitialize
 .text          0xa00c00c4      0x100 pcb.o
                0xa00c00e8                PCB_TopOfIRQStack
                0xa00c0180                PCB_PtrTask2
                0xa00c01c4                PCB_PtrTask3
                0xa00c00ec                PCB_PtrCurrentTask
                0xa00c013c                PCB_BottomTask2
                0xa00c00c4                pcbSetUp
                0xa00c00dc                PCB_Table
                0xa00c0180                PCB_BottomTask3
                0xa00c013c                PCB_PtrTask1
                0xa00c00f0                PCB_PtrNextTask
                0xa00c00f8                PCB_BottomTask1
                0xa00c00f4                PCB_CurrentTask
 .text          0xa00c01c4      0x2f0 swiapi.o
                0xa00c0364                eventIODeviceWriteBlock
                0xa00c039c                eventIODeviceReadBlock
                0xa00c02f4                eventIODeviceWriteBit
                0xa00c01c4                eventIODeviceInit
                0xa00c0408                bringUpFatalError
                0xa00c0248                eventIODeviceClose
                0xa00c0440                PutReg
                0xa00c0284                eventIODeviceWriteByte
                0xa00c03d4                bringUpTrace
                0xa00c0328                eventIODeviceReadBit
                0xa00c0210                eventIODeviceOpen
                0xa00c02b8                eventIODeviceReadByte
 .text          0xa00c04b4        0x4 undef.o
                0xa00c04b4                coreUndefinedHandler
 .text          0xa00c04b8       0x44 swi.o
                0xa00c04d0                coreSWIHandler
                0xa00c04b8                coreCallSWI
 .text          0xa00c04fc        0x4 prefetch.o
                0xa00c04fc                corePrefetchAbortHandler
 .text          0xa00c0500        0x4 data.o
                0xa00c0500                coreDataAbortHandler
 .text          0xa00c0504        0x4 reserved.o
                0xa00c0504                coreReservedHandler
 .text          0xa00c0508        0x4 irq.o
                0xa00c0508                coreIRQHandler
 .text          0xa00c050c        0x4 fiq.o
                0xa00c050c                coreFIQHandler
 .text          0xa00c0510       0x8c scheduler.o
                0xa00c0510                kernelScheduler
 .text          0xa00c059c      0x174 swi_handler.o
                0xa00c059c                eventsSWIHandler
 .text          0xa00c0710       0x28 irq_handler.o
                0xa00c0714                eventsIRQHandler
 .text          0xa00c0738       0x88 bringup.o
                0xa00c0784                bringUpSetR8fiq
                0xa00c07ac                bringUpSetR10fiq
                0xa00c0798                bringUpSetR9fiq
                0xa00c0768                bringUpInitFIQRegisters
 .text          0xa00c07c0       0x2c cpsr.o
                0xa00c07c0                modifyControlCPSR
 .text          0xa00c07ec       0x14 event_init.o
                0xa00c07ec                eventServicesInit
 .text          0xa00c0800       0x84 button_service.o
                0xa00c0880                eventButtonService
                0xa00c0800                eventButtonMaskIrq
                0xa00c0804                eventButtonUnmaskIrq
                0xa00c0808                eventButtonInit
                0xa00c080c                eventButtonPressed
 .text          0xa00c0884      0x114 tick_service.o
                0xa00c0978                enable_irq
                0xa00c0950                eventTickStart
                0xa00c08f4                eventTickService
                0xa00c0884                eventTickInit
                0xa00c0988                disable_irq
 .text          0xa00c0998      0x1e8 ddf_io.o
                0xa00c09d4                ioOpenDriver
                0xa00c0b20                ioWriteBlock
                0xa00c0a94                ioReadBit
                0xa00c0b50                ioReadBlock
                0xa00c0ac4                ioWriteByte
                0xa00c0a68                ioWriteBit
                0xa00c0998                ioInitializeDrivers
                0xa00c0af0                ioReadByte
                0xa00c0a3c                ioCloseDriver
 .text          0xa00c0b80       0xf0 led_driver.o
                0xa00c0c2c                led_write_byte
                0xa00c0c54                led_read_byte
                0xa00c0bb8                led_open
                0xa00c0b80                led_init
                0xa00c0c08                led_close
 .text          0xa00c0c70      0x110 serial_driver.o
                0xa00c0d04                serial_write_byte
                0xa00c0d40                serial_read_byte
                0xa00c0c98                serial_open
                0xa00c0ce0                serial_close
                0xa00c0c74                serial_init
                0xa00c0c70                internalSerialE7TSetup
 .text          0xa00c0d80      0x230 segment_driver.o
                0xa00c0f94                segment_read_byte
                0xa00c0e04                segment_close
                0xa00c0e28                getSegmentCode
                0xa00c0dc0                segment_open
                0xa00c0efc                segment_write_byte
                0xa00c0d80                segment_init
 .text          0xa00c0fb0      0x394 blkdev_driver.o
                0xa00c11d4                blkdev_free_block
                0xa00c1074                blkdev_write_block
                0xa00c1024                blkdev_close
                0xa00c12cc                get_blockdatasize
                0xa00c12a4                get_datasize
                0xa00c1048                find_freeblock
                0xa00c1178                free_block
                0xa00c1300                get_blocksize
                0xa00c11f8                blkdev_read_block
                0xa00c0fe0                blkdev_open
                0xa00c0fb0                blkdev_init
 .text          0xa00c1344       0x38 mutex.o
                0xa00c1344                mutex_gatelock
                0xa00c1364                mutex_gateunlock
 .text          0xa00c137c       0xec cinit.o
                0xa00c137c                cinit_init
                0xa00c13e0                C_Entry
 .text          0xa00c1468      0x394 cli_com.o
                0xa00c17e8                CLI
                0xa00c1590                writeHex
                0xa00c1498                reportC
                0xa00c178c                reportError
                0xa00c15c8                prettyC
                0xa00c15ac                writeDec
                0xa00c1674                formatString
                0xa00c14b0                internal_write_dec
                0xa00c1570                newLine
                0xa00c177c                handleReportedError
                0xa00c1468                writeC
                0xa00c1480                readC
                0xa00c1644                prettyPrint
                0xa00c1784                reportOK
                0xa00c1540                write0
                0xa00c1500                internal_write_hex
 .text          0xa00c17fc      0x448 cli_readline.o
                0xa00c19ec                ReadLineZ
                0xa00c17fc                xstrlen
                0xa00c1824                xstrcpy
                0xa00c1a5c                readLine
                0xa00c1838                xmemmove
 .text          0xa00c1c44       0x64 cli_shell.o
                0xa00c1c44                shell
 .text          0xa00c1ca8      0x138 cli_serial.o
                0xa00c1da0                closeHost
                0xa00c1d70                readCharFromHost
                0xa00c1d0c                writeCharToHost
                0xa00c1ca8                openHost
                0xa00c1d3c                printToHost
 .text          0xa00c1de0       0x18 uid.o
                0xa00c1de0                uid_generate
 .text          0xa00c1df8       0xcc task1_start.o
                0xa00c1df8                openBLKDEV
                0xa00c1ebc                C_EntryTask1
                0xa00c1e8c                readBLKDEV
                0xa00c1e48                writeBLKDEV
 .text          0xa00c1ec4      0x128 task2_start.o
                0xa00c1f10                closeSEGMENT
                0xa00c1f64                C_EntryTask2
                0xa00c1f34                writeSEGMENT
                0xa00c1ec4                openSEGMENT
 .text          0xa00c1fec       0x9c task3_start.o
                0xa00c2048                C_EntryTask3
                0xa00c1fec                banner
 .text          0xa00c2088       0x2c debug.o
                0xa00c2094                debug_led_test
 .text          0xa00c20b4      0x108 serial.o
                0xa00c2188                PutString
                0xa00c2144                PutChar
                0xa00c20b4                SerialInit
 .text          0xa00c21bc      0xb84 lib.o
                0xa00c25b0                PrintDec
                0xa00c21bc                MemCpy32
                0xa00c2a3c                printf
                0xa00c27b0                PrintHex
                0xa00c224c                MemCmp
                0xa00c2c0c                ClearLine
                0xa00c247c                StrToInt
                0xa00c2208                MemCpy
                0xa00c2584                MOD
                0xa00c236c                HexToInt
                0xa00c2c28                StrTok
                0xa00c2228                MemSet
                0xa00c22c8                StrLen
                0xa00c29fc                PrintString
                0xa00c2594                DEV
                0xa00c2568                PrintChar
                0xa00c2be8                Power
                0xa00c2324                StrNCmp
                0xa00c22a0                StrCmp
                0xa00c2c90                StrSpn
                0xa00c2b7c                DecToLong
                0xa00c2cf4                StrpBrk
                0xa00c22f8                StrCpy
 .text          0xa00c2d40      0x9bc system_kernel.o
                0xa00c2d40                FileManager_Initialize
                0xa00c35f4                ParsePath
                0xa00c349c                LoadDirectoryStructure
                0xa00c314c                setHeader
                0xa00c326c                CopyiNodeWithName
                0xa00c3354                FindFolderWithPath
                0xa00c2f14                RemoveFile
                0xa00c3494                FindInsideDirectory
                0xa00c2d8c                SearchEmptyFileManager
                0xa00c34a4                CreateFile
                0xa00c304c                RemoveDirectory
                0xa00c3184                SearchWithName
                0xa00c320c                SearchNameWithCurrentiNode
                0xa00c3334                SearchFileWithName
                0xa00c32c0                RemoveiNodeWithName
                0xa00c2dc8                CreateDirectory
 .text          0xa00c36fc       0x8c file_structure.o
                0xa00c371c                FileStructure_SetDirectoryWithName
                0xa00c36fc                FileStruct_Initialize
                0xa00c3760                FileStructure_SetFile
 .text          0xa00c3788      0xa6c cmd_program.o
                0xa00c3b60                cmd_rm
                0xa00c4128                SuperBlock_PrintTree
                0xa00c3afc                cmd_mkdir
                0xa00c3f40                cmd_cp
                0xa00c40f8                cmd_usage
                0xa00c3798                seperate_cmd
                0xa00c3ab4                directoryStack_Clear
                0xa00c3aa4                getDirectoryStack
                0xa00c3a00                PrintFiles
                0xa00c3840                parse_cmd
                0xa00c3b78                cmd_fc
                0xa00c409c                cmd_tree
                0xa00c3eb4                cmd_mv
                0xa00c3e10                cmd_cd
                0xa00c3a88                getTopDirectoryStack
                0xa00c3b30                cmd_ls
                0xa00c3788                DIRCountValueSet_init
                0xa00c3cfc                MoveDirectory
                0xa00c3b48                cmd_rmdir
 .text          0xa00c41f4       0xd8 file_system.o
                0xa00c42b4                directoryPath
                0xa00c41f4                file_system_start
                0xa00c4258                Initialize
 .text          0xa00c42cc      0x194 iNode.o
                0xa00c4380                iNode_getName
                0xa00c4378                iNode_SetSuperBlock
                0xa00c4448                iNode_SetPhysicalAddress
                0xa00c42cc                iNode_Initialize
                0xa00c4364                iNode_SetFile
                0xa00c43bc                iNode_FindHeadNode
                0xa00c43f0                iNode_Release
                0xa00c43c4                iNode_AddShibling
                0xa00c4350                iNode_SetDirectory
                0xa00c431c                iNode_SetDirectoryWithSuperBlock
 .text          0xa00c4460       0x28 block_init.o
                0xa00c4460                block_init

.glue_7         0xa00c4488        0x0

.glue_7t        0xa00c4488        0x0
                0xa00c4488                . = ALIGN (0x4)

.rodata         0xa00c4488       0x14
 *(.rodata)
 .rodata        0xa00c4488       0x14 cli_com.o
                0xa00c4488                digits

.rodata.str1.4  0xa00c449c      0x84a
 .rodata.str1.4
                0xa00c449c       0x26 swiapi.o
                                 0x30 (size before relaxing)
 *fill*         0xa00c44c2        0x2 00
 .rodata.str1.4
                0xa00c44c4       0x6d blkdev_driver.o
                                 0x70 (size before relaxing)
 *fill*         0xa00c4531        0x3 00
 .rodata.str1.4
                0xa00c4534        0x8 cli_readline.o
 .rodata.str1.4
                0xa00c453c       0x19 cli_shell.o
                                 0x1c (size before relaxing)
 *fill*         0xa00c4555        0x3 00
 .rodata.str1.4
                0xa00c4558       0x12 task1_start.o
                                 0x14 (size before relaxing)
 *fill*         0xa00c456a        0x2 00
 .rodata.str1.4
                0xa00c456c       0x75 task3_start.o
                                 0x78 (size before relaxing)
 *fill*         0xa00c45e1        0x3 00
 .rodata.str1.4
                0xa00c45e4       0x45 lib.o
                                 0x48 (size before relaxing)
 *fill*         0xa00c4629        0x3 00
 .rodata.str1.4
                0xa00c462c      0x387 system_kernel.o
                                0x388 (size before relaxing)
 *fill*         0xa00c49b3        0x1 00
 .rodata.str1.4
                0xa00c49b4      0x265 cmd_program.o
                                0x270 (size before relaxing)
 *fill*         0xa00c4c19        0x3 00
 .rodata.str1.4
                0xa00c4c1c       0xb5 file_system.o
                                 0xb8 (size before relaxing)
 *fill*         0xa00c4cd1        0x3 00
 .rodata.str1.4
                0xa00c4cd4       0x12 iNode.o
                                 0x1c (size before relaxing)
                0xa00c4ce8                . = ALIGN (0x4)

.data           0xa00c4ce8      0x130
 *(.data)
 .data          0xa00c4ce8       0xc8 ddf_io.o
                0xa00c4ce8                devices
 .data          0xa00c4db0        0x4 mutex.o
                0xa00c4db0                semaphore
 .data          0xa00c4db4        0x4 uid.o
                0xa00c4db4                new_uid
 .data          0xa00c4db8        0x4 system_kernel.o
                0xa00c4db8                header
 .data          0xa00c4dbc       0x5c cmd_program.o
                0xa00c4dc0                nameSet
                0xa00c4dbc                stackIndex
                0xa00c4e18                . = ALIGN (0x4)

.got
 *(.got)
                0xa00c4e18                . = ALIGN (0x4)

.bss            0xa00c4e20   0x118500
 *(.bss)
 .bss           0xa00c4e20   0x100000 blkdev_driver.o
 .bss           0xa01c4e20        0x4 cli_com.o
 *fill*         0xa01c4e24       0x1c 00
 COMMON         0xa01c4e40       0x10 swiapi.o
                                  0x0 (size before relaxing)
                0xa01c4e40                rs
 *fill*         0xa01c4e50       0x10 00
 COMMON         0xa01c4e60       0x24 button_service.o
                                  0x0 (size before relaxing)
                0xa01c4e60                ledUID
                0xa01c4e80                ledNode
 *fill*         0xa01c4e84       0x1c 00
 COMMON         0xa01c4ea0        0x4 tick_service.o
                                  0x0 (size before relaxing)
                0xa01c4ea0                countdown
 *fill*         0xa01c4ea4       0x1c 00
 COMMON         0xa01c4ec0       0x10 ddf_io.o
                                  0x0 (size before relaxing)
                0xa01c4ec0                bcb
 *fill*         0xa01c4ed0       0x10 00
 COMMON         0xa01c4ee0        0x8 led_driver.o
                                  0x0 (size before relaxing)
                0xa01c4ee0                device_led
 *fill*         0xa01c4ee8       0x18 00
 COMMON         0xa01c4f00        0x4 serial_driver.o
                                  0x0 (size before relaxing)
                0xa01c4f00                node
 *fill*         0xa01c4f04       0x1c 00
 COMMON         0xa01c4f20        0x8 segment_driver.o
                                  0x0 (size before relaxing)
                0xa01c4f20                segment
 *fill*         0xa01c4f28       0x18 00
 COMMON         0xa01c4f40        0x4 cinit.o
                                  0x0 (size before relaxing)
                0xa01c4f40                STATE
 *fill*         0xa01c4f44       0x1c 00
 COMMON         0xa01c4f60      0x224 cli_com.o
                                  0x0 (size before relaxing)
                0xa01c4f60                gpbuff
                0xa01c5060                report_buff
                0xa01c5068                command_line
                0xa01c5180                error_buff
 *fill*         0xa01c5184       0x1c 00
 COMMON         0xa01c51a0       0x24 cli_serial.o
                                  0x0 (size before relaxing)
                0xa01c51a0                host
                0xa01c51c0                serial
 *fill*         0xa01c51c4       0x1c 00
 COMMON         0xa01c51e0       0x24 task1_start.o
                                  0x0 (size before relaxing)
                0xa01c51e0                ublkdev_task1
                0xa01c5200                blkdev_task1
 *fill*         0xa01c5204       0x1c 00
 COMMON         0xa01c5220       0x24 task2_start.o
                                  0x0 (size before relaxing)
                0xa01c5220                seg
                0xa01c5240                useg
 *fill*         0xa01c5244       0x1c 00
 COMMON         0xa01c5260    0x18040 system_kernel.o
                                  0x0 (size before relaxing)
                0xa01c5260                blkdev
                0xa01c5280                ublkdev
                0xa01c52a0                FileManager
 COMMON         0xa01dd2a0       0x80 cmd_program.o
                                  0x0 (size before relaxing)
                0xa01dd2a0                directoryStack
LOAD start.o
LOAD init.o
LOAD pcb.o
LOAD swiapi.o
LOAD undef.o
LOAD swi.o
LOAD prefetch.o
LOAD data.o
LOAD reserved.o
LOAD irq.o
LOAD fiq.o
LOAD scheduler.o
LOAD swi_handler.o
LOAD irq_handler.o
LOAD bringup.o
LOAD cpsr.o
LOAD event_init.o
LOAD button_service.o
LOAD tick_service.o
LOAD ddf_io.o
LOAD led_driver.o
LOAD serial_driver.o
LOAD segment_driver.o
LOAD blkdev_driver.o
LOAD mutex.o
LOAD cinit.o
LOAD cli_com.o
LOAD cli_readline.o
LOAD cli_shell.o
LOAD cli_serial.o
LOAD uid.o
LOAD task1_start.o
LOAD task2_start.o
LOAD task3_start.o
LOAD debug.o
LOAD serial.o
LOAD lib.o
LOAD system_kernel.o
LOAD file_structure.o
LOAD cmd_program.o
LOAD file_system.o
LOAD iNode.o
LOAD block_init.o
OUTPUT(slos-elf32 elf32-littlearm)

.comment        0x00000000      0x2d6
 .comment       0x00000000       0x1e swiapi.o
 .comment       0x0000001e       0x1e swi_handler.o
 .comment       0x0000003c       0x12 event_init.o
 .comment       0x0000004e       0x12 button_service.o
 .comment       0x00000060       0x1e tick_service.o
 .comment       0x0000007e       0x1e ddf_io.o
 .comment       0x0000009c       0x1e led_driver.o
 .comment       0x000000ba       0x1e serial_driver.o
 .comment       0x000000d8       0x1e segment_driver.o
 .comment       0x000000f6       0x1e blkdev_driver.o
 .comment       0x00000114       0x12 mutex.o
 .comment       0x00000126       0x1e cinit.o
 .comment       0x00000144       0x12 cli_com.o
 .comment       0x00000156       0x12 cli_readline.o
 .comment       0x00000168       0x1e cli_shell.o
 .comment       0x00000186       0x12 cli_serial.o
 .comment       0x00000198       0x12 uid.o
 .comment       0x000001aa       0x1e task1_start.o
 .comment       0x000001c8       0x1e task2_start.o
 .comment       0x000001e6       0x12 task3_start.o
 .comment       0x000001f8       0x1e serial.o
 .comment       0x00000216       0x2a lib.o
 .comment       0x00000240       0x1e system_kernel.o
 .comment       0x0000025e       0x1e file_structure.o
 .comment       0x0000027c       0x1e cmd_program.o
 .comment       0x0000029a       0x1e file_system.o
 .comment       0x000002b8       0x1e iNode.o
