
Allocating common symbols
Common symbol       size              file

device_led          0x8               led_driver.o
ledUID              0x4               button_service.o
host                0x4               cli_serial.o
gpbuff              0x100             cli_com.o
report_buff         0x4               cli_com.o
seg                 0x4               task2_start.o
blkdev              0x4               system_kernel.o
node                0x4               serial_driver.o
rs                  0x10              swiapi.o
ublkdev             0x4               system_kernel.o
directoryStack      0x80              cmd_program.o
serial              0x4               cli_serial.o
STATE               0x4               cinit.o
countdown           0x4               tick_service.o
ublkdev_task1       0x4               task1_start.o
segment             0x8               segment_driver.o
useg                0x4               task2_start.o
command_line        0x100             cli_com.o
bcb                 0x10              ddf_io.o
blkdev_task1        0x4               task1_start.o
error_buff          0x4               cli_com.o
FileManager         0x18000           system_kernel.o
ledNode             0x4               button_service.o

Memory Configuration

Name             Origin             Length             Attributes
*default*        0x00000000         0xffffffff

Linker script and memory map

                0xa00c0000                . = 0xa00c0000
                0xa00c0000                . = ALIGN (0x4)

.text           0xa00c0000     0x4404
 *(.text)
 .text          0xa00c0000       0x44 start.o
                0xa00c0000                _mainCRTStartup
                0xa00c0000                _start
                0xa00c0000                start
 .text          0xa00c0044       0x80 init.o
                0xa00c0044                coreInitialize
 .text          0xa00c00c4      0x100 pcb.o
                0xa00c00e8                PCB_TopOfIRQStack
                0xa00c0180                PCB_PtrTask2
                0xa00c01c4                PCB_PtrTask3
                0xa00c00ec                PCB_PtrCurrentTask
                0xa00c013c                PCB_BottomTask2
                0xa00c00c4                pcbSetUp
                0xa00c00dc                PCB_Table
                0xa00c0180                PCB_BottomTask3
                0xa00c013c                PCB_PtrTask1
                0xa00c00f0                PCB_PtrNextTask
                0xa00c00f8                PCB_BottomTask1
                0xa00c00f4                PCB_CurrentTask
 .text          0xa00c01c4      0x2f0 swiapi.o
                0xa00c0364                eventIODeviceWriteBlock
                0xa00c039c                eventIODeviceReadBlock
                0xa00c02f4                eventIODeviceWriteBit
                0xa00c01c4                eventIODeviceInit
                0xa00c0408                bringUpFatalError
                0xa00c0248                eventIODeviceClose
                0xa00c0440                PutReg
                0xa00c0284                eventIODeviceWriteByte
                0xa00c03d4                bringUpTrace
                0xa00c0328                eventIODeviceReadBit
                0xa00c0210                eventIODeviceOpen
                0xa00c02b8                eventIODeviceReadByte
 .text          0xa00c04b4        0x4 undef.o
                0xa00c04b4                coreUndefinedHandler
 .text          0xa00c04b8       0x44 swi.o
                0xa00c04d0                coreSWIHandler
                0xa00c04b8                coreCallSWI
 .text          0xa00c04fc        0x4 prefetch.o
                0xa00c04fc                corePrefetchAbortHandler
 .text          0xa00c0500        0x4 data.o
                0xa00c0500                coreDataAbortHandler
 .text          0xa00c0504        0x4 reserved.o
                0xa00c0504                coreReservedHandler
 .text          0xa00c0508        0x4 irq.o
                0xa00c0508                coreIRQHandler
 .text          0xa00c050c        0x4 fiq.o
                0xa00c050c                coreFIQHandler
 .text          0xa00c0510       0x8c scheduler.o
                0xa00c0510                kernelScheduler
 .text          0xa00c059c      0x174 swi_handler.o
                0xa00c059c                eventsSWIHandler
 .text          0xa00c0710       0x28 irq_handler.o
                0xa00c0714                eventsIRQHandler
 .text          0xa00c0738       0x88 bringup.o
                0xa00c0784                bringUpSetR8fiq
                0xa00c07ac                bringUpSetR10fiq
                0xa00c0798                bringUpSetR9fiq
                0xa00c0768                bringUpInitFIQRegisters
 .text          0xa00c07c0       0x2c cpsr.o
                0xa00c07c0                modifyControlCPSR
 .text          0xa00c07ec       0x14 event_init.o
                0xa00c07ec                eventServicesInit
 .text          0xa00c0800       0x84 button_service.o
                0xa00c0880                eventButtonService
                0xa00c0800                eventButtonMaskIrq
                0xa00c0804                eventButtonUnmaskIrq
                0xa00c0808                eventButtonInit
                0xa00c080c                eventButtonPressed
 .text          0xa00c0884      0x114 tick_service.o
                0xa00c0978                enable_irq
                0xa00c0950                eventTickStart
                0xa00c08f4                eventTickService
                0xa00c0884                eventTickInit
                0xa00c0988                disable_irq
 .text          0xa00c0998      0x1e8 ddf_io.o
                0xa00c09d4                ioOpenDriver
                0xa00c0b20                ioWriteBlock
                0xa00c0a94                ioReadBit
                0xa00c0b50                ioReadBlock
                0xa00c0ac4                ioWriteByte
                0xa00c0a68                ioWriteBit
                0xa00c0998                ioInitializeDrivers
                0xa00c0af0                ioReadByte
                0xa00c0a3c                ioCloseDriver
 .text          0xa00c0b80       0xf0 led_driver.o
                0xa00c0c2c                led_write_byte
                0xa00c0c54                led_read_byte
                0xa00c0bb8                led_open
                0xa00c0b80                led_init
                0xa00c0c08                led_close
 .text          0xa00c0c70      0x110 serial_driver.o
                0xa00c0d04                serial_write_byte
                0xa00c0d40                serial_read_byte
                0xa00c0c98                serial_open
                0xa00c0ce0                serial_close
                0xa00c0c74                serial_init
                0xa00c0c70                internalSerialE7TSetup
 .text          0xa00c0d80      0x230 segment_driver.o
                0xa00c0f94                segment_read_byte
                0xa00c0e04                segment_close
                0xa00c0e28                getSegmentCode
                0xa00c0dc0                segment_open
                0xa00c0efc                segment_write_byte
                0xa00c0d80                segment_init
 .text          0xa00c0fb0      0x324 blkdev_driver.o
                0xa00c1164                blkdev_free_block
                0xa00c1074                blkdev_write_block
                0xa00c1024                blkdev_close
                0xa00c125c                get_blockdatasize
                0xa00c1234                get_datasize
                0xa00c1048                find_freeblock
                0xa00c113c                free_block
                0xa00c1290                get_blocksize
                0xa00c1188                blkdev_read_block
                0xa00c0fe0                blkdev_open
                0xa00c0fb0                blkdev_init
 .text          0xa00c12d4       0x38 mutex.o
                0xa00c12d4                mutex_gatelock
                0xa00c12f4                mutex_gateunlock
 .text          0xa00c130c       0xec cinit.o
                0xa00c130c                cinit_init
                0xa00c1370                C_Entry
 .text          0xa00c13f8      0x394 cli_com.o
                0xa00c1778                CLI
                0xa00c1520                writeHex
                0xa00c1428                reportC
                0xa00c171c                reportError
                0xa00c1558                prettyC
                0xa00c153c                writeDec
                0xa00c1604                formatString
                0xa00c1440                internal_write_dec
                0xa00c1500                newLine
                0xa00c170c                handleReportedError
                0xa00c13f8                writeC
                0xa00c1410                readC
                0xa00c15d4                prettyPrint
                0xa00c1714                reportOK
                0xa00c14d0                write0
                0xa00c1490                internal_write_hex
 .text          0xa00c178c      0x448 cli_readline.o
                0xa00c197c                ReadLineZ
                0xa00c178c                xstrlen
                0xa00c17b4                xstrcpy
                0xa00c19ec                readLine
                0xa00c17c8                xmemmove
 .text          0xa00c1bd4       0x64 cli_shell.o
                0xa00c1bd4                shell
 .text          0xa00c1c38      0x138 cli_serial.o
                0xa00c1d30                closeHost
                0xa00c1d00                readCharFromHost
                0xa00c1c9c                writeCharToHost
                0xa00c1c38                openHost
                0xa00c1ccc                printToHost
 .text          0xa00c1d70       0x18 uid.o
                0xa00c1d70                uid_generate
 .text          0xa00c1d88       0xcc task1_start.o
                0xa00c1d88                openBLKDEV
                0xa00c1e4c                C_EntryTask1
                0xa00c1e1c                readBLKDEV
                0xa00c1dd8                writeBLKDEV
 .text          0xa00c1e54      0x128 task2_start.o
                0xa00c1ea0                closeSEGMENT
                0xa00c1ef4                C_EntryTask2
                0xa00c1ec4                writeSEGMENT
                0xa00c1e54                openSEGMENT
 .text          0xa00c1f7c       0x9c task3_start.o
                0xa00c1fd8                C_EntryTask3
                0xa00c1f7c                banner
 .text          0xa00c2018       0x2c debug.o
                0xa00c2024                debug_led_test
 .text          0xa00c2044      0x108 serial.o
                0xa00c2118                PutString
                0xa00c20d4                PutChar
                0xa00c2044                SerialInit
 .text          0xa00c214c      0xb84 lib.o
                0xa00c2540                PrintDec
                0xa00c214c                MemCpy32
                0xa00c29cc                printf
                0xa00c2740                PrintHex
                0xa00c21dc                MemCmp
                0xa00c2b9c                ClearLine
                0xa00c240c                StrToInt
                0xa00c2198                MemCpy
                0xa00c2514                MOD
                0xa00c22fc                HexToInt
                0xa00c2bb8                StrTok
                0xa00c21b8                MemSet
                0xa00c2258                StrLen
                0xa00c298c                PrintString
                0xa00c2524                DEV
                0xa00c24f8                PrintChar
                0xa00c2b78                Power
                0xa00c22b4                StrNCmp
                0xa00c2230                StrCmp
                0xa00c2c20                StrSpn
                0xa00c2b0c                DecToLong
                0xa00c2c84                StrpBrk
                0xa00c2288                StrCpy
 .text          0xa00c2cd0      0x9a4 system_kernel.o
                0xa00c2cd0                FileManager_Initialize
                0xa00c356c                ParsePath
                0xa00c3414                LoadDirectoryStructure
                0xa00c30c4                setHeader
                0xa00c31e4                CopyiNodeWithName
                0xa00c32cc                FindFolderWithPath
                0xa00c2ea4                RemoveFile
                0xa00c340c                FindInsideDirectory
                0xa00c2d1c                SearchEmptyFileManager
                0xa00c341c                CreateFile
                0xa00c2fc4                RemoveDirectory
                0xa00c30fc                SearchWithName
                0xa00c3184                SearchNameWithCurrentiNode
                0xa00c32ac                SearchFileWithName
                0xa00c3238                RemoveiNodeWithName
                0xa00c2d58                CreateDirectory
 .text          0xa00c3674       0x8c file_structure.o
                0xa00c3694                FileStructure_SetDirectoryWithName
                0xa00c3674                FileStruct_Initialize
                0xa00c36d8                FileStructure_SetFile
 .text          0xa00c3700      0xab0 cmd_program.o
                0xa00c3ad8                cmd_rm
                0xa00c40e4                SuperBlock_PrintTree
                0xa00c3a74                cmd_mkdir
                0xa00c3efc                cmd_cp
                0xa00c40b4                cmd_usage
                0xa00c3710                seperate_cmd
                0xa00c3a2c                directoryStack_Clear
                0xa00c3a1c                getDirectoryStack
                0xa00c3978                PrintFiles
                0xa00c37b8                parse_cmd
                0xa00c3af0                cmd_fc
                0xa00c4058                cmd_tree
                0xa00c3e70                cmd_mv
                0xa00c3dcc                cmd_cd
                0xa00c3a00                getTopDirectoryStack
                0xa00c3aa8                cmd_ls
                0xa00c3700                DIRCountValueSet_init
                0xa00c3cb8                MoveDirectory
                0xa00c3ac0                cmd_rmdir
 .text          0xa00c41b0       0xd8 file_system.o
                0xa00c4270                directoryPath
                0xa00c41b0                file_system_start
                0xa00c4214                Initialize
 .text          0xa00c4288      0x154 iNode.o
                0xa00c433c                iNode_getName
                0xa00c4334                iNode_SetSuperBlock
                0xa00c43c4                iNode_SetPhysicalAddress
                0xa00c4288                iNode_Initialize
                0xa00c4320                iNode_SetFile
                0xa00c4378                iNode_FindHeadNode
                0xa00c43ac                iNode_Release
                0xa00c4380                iNode_AddShibling
                0xa00c430c                iNode_SetDirectory
                0xa00c42d8                iNode_SetDirectoryWithSuperBlock
 .text          0xa00c43dc       0x28 block_init.o
                0xa00c43dc                block_init

.glue_7         0xa00c4404        0x0

.glue_7t        0xa00c4404        0x0
                0xa00c4404                . = ALIGN (0x4)

.rodata         0xa00c4404       0x14
 *(.rodata)
 .rodata        0xa00c4404       0x14 cli_com.o
                0xa00c4404                digits

.rodata.str1.4  0xa00c4418      0x7f9
 .rodata.str1.4
                0xa00c4418       0x26 swiapi.o
                                 0x30 (size before relaxing)
 *fill*         0xa00c443e        0x2 00
 .rodata.str1.4
                0xa00c4440       0x29 blkdev_driver.o
                                 0x2c (size before relaxing)
 *fill*         0xa00c4469        0x3 00
 .rodata.str1.4
                0xa00c446c        0x8 cli_readline.o
 .rodata.str1.4
                0xa00c4474       0x19 cli_shell.o
                                 0x1c (size before relaxing)
 *fill*         0xa00c448d        0x3 00
 .rodata.str1.4
                0xa00c4490       0x12 task1_start.o
                                 0x14 (size before relaxing)
 *fill*         0xa00c44a2        0x2 00
 .rodata.str1.4
                0xa00c44a4       0x75 task3_start.o
                                 0x78 (size before relaxing)
 *fill*         0xa00c4519        0x3 00
 .rodata.str1.4
                0xa00c451c       0x45 lib.o
                                 0x48 (size before relaxing)
 *fill*         0xa00c4561        0x3 00
 .rodata.str1.4
                0xa00c4564      0x377 system_kernel.o
                                0x378 (size before relaxing)
 *fill*         0xa00c48db        0x1 00
 .rodata.str1.4
                0xa00c48dc      0x279 cmd_program.o
                                0x284 (size before relaxing)
 *fill*         0xa00c4b55        0x3 00
 .rodata.str1.4
                0xa00c4b58       0xb5 file_system.o
                                 0xb8 (size before relaxing)
 *fill*         0xa00c4c0d        0x3 00
 .rodata.str1.4
                0xa00c4c10        0x1 iNode.o
                                  0xc (size before relaxing)
                0xa00c4c14                . = ALIGN (0x4)

.data           0xa00c4c14      0x130
 *(.data)
 .data          0xa00c4c14       0xc8 ddf_io.o
                0xa00c4c14                devices
 .data          0xa00c4cdc        0x4 mutex.o
                0xa00c4cdc                semaphore
 .data          0xa00c4ce0        0x4 uid.o
                0xa00c4ce0                new_uid
 .data          0xa00c4ce4        0x4 system_kernel.o
                0xa00c4ce4                header
 .data          0xa00c4ce8       0x5c cmd_program.o
                0xa00c4cec                nameSet
                0xa00c4ce8                stackIndex
                0xa00c4d44                . = ALIGN (0x4)

.got
 *(.got)
                0xa00c4d44                . = ALIGN (0x4)

.bss            0xa00c4d60   0x118500
 *(.bss)
 .bss           0xa00c4d60   0x100000 blkdev_driver.o
 .bss           0xa01c4d60        0x4 cli_com.o
 *fill*         0xa01c4d64       0x1c 00
 COMMON         0xa01c4d80       0x10 swiapi.o
                                  0x0 (size before relaxing)
                0xa01c4d80                rs
 *fill*         0xa01c4d90       0x10 00
 COMMON         0xa01c4da0       0x24 button_service.o
                                  0x0 (size before relaxing)
                0xa01c4da0                ledUID
                0xa01c4dc0                ledNode
 *fill*         0xa01c4dc4       0x1c 00
 COMMON         0xa01c4de0        0x4 tick_service.o
                                  0x0 (size before relaxing)
                0xa01c4de0                countdown
 *fill*         0xa01c4de4       0x1c 00
 COMMON         0xa01c4e00       0x10 ddf_io.o
                                  0x0 (size before relaxing)
                0xa01c4e00                bcb
 *fill*         0xa01c4e10       0x10 00
 COMMON         0xa01c4e20        0x8 led_driver.o
                                  0x0 (size before relaxing)
                0xa01c4e20                device_led
 *fill*         0xa01c4e28       0x18 00
 COMMON         0xa01c4e40        0x4 serial_driver.o
                                  0x0 (size before relaxing)
                0xa01c4e40                node
 *fill*         0xa01c4e44       0x1c 00
 COMMON         0xa01c4e60        0x8 segment_driver.o
                                  0x0 (size before relaxing)
                0xa01c4e60                segment
 *fill*         0xa01c4e68       0x18 00
 COMMON         0xa01c4e80        0x4 cinit.o
                                  0x0 (size before relaxing)
                0xa01c4e80                STATE
 *fill*         0xa01c4e84       0x1c 00
 COMMON         0xa01c4ea0      0x224 cli_com.o
                                  0x0 (size before relaxing)
                0xa01c4ea0                gpbuff
                0xa01c4fa0                report_buff
                0xa01c4fa8                command_line
                0xa01c50c0                error_buff
 *fill*         0xa01c50c4       0x1c 00
 COMMON         0xa01c50e0       0x24 cli_serial.o
                                  0x0 (size before relaxing)
                0xa01c50e0                host
                0xa01c5100                serial
 *fill*         0xa01c5104       0x1c 00
 COMMON         0xa01c5120       0x24 task1_start.o
                                  0x0 (size before relaxing)
                0xa01c5120                ublkdev_task1
                0xa01c5140                blkdev_task1
 *fill*         0xa01c5144       0x1c 00
 COMMON         0xa01c5160       0x24 task2_start.o
                                  0x0 (size before relaxing)
                0xa01c5160                seg
                0xa01c5180                useg
 *fill*         0xa01c5184       0x1c 00
 COMMON         0xa01c51a0    0x18040 system_kernel.o
                                  0x0 (size before relaxing)
                0xa01c51a0                blkdev
                0xa01c51c0                ublkdev
                0xa01c51e0                FileManager
 COMMON         0xa01dd1e0       0x80 cmd_program.o
                                  0x0 (size before relaxing)
                0xa01dd1e0                directoryStack
LOAD start.o
LOAD init.o
LOAD pcb.o
LOAD swiapi.o
LOAD undef.o
LOAD swi.o
LOAD prefetch.o
LOAD data.o
LOAD reserved.o
LOAD irq.o
LOAD fiq.o
LOAD scheduler.o
LOAD swi_handler.o
LOAD irq_handler.o
LOAD bringup.o
LOAD cpsr.o
LOAD event_init.o
LOAD button_service.o
LOAD tick_service.o
LOAD ddf_io.o
LOAD led_driver.o
LOAD serial_driver.o
LOAD segment_driver.o
LOAD blkdev_driver.o
LOAD mutex.o
LOAD cinit.o
LOAD cli_com.o
LOAD cli_readline.o
LOAD cli_shell.o
LOAD cli_serial.o
LOAD uid.o
LOAD task1_start.o
LOAD task2_start.o
LOAD task3_start.o
LOAD debug.o
LOAD serial.o
LOAD lib.o
LOAD system_kernel.o
LOAD file_structure.o
LOAD cmd_program.o
LOAD file_system.o
LOAD iNode.o
LOAD block_init.o
OUTPUT(slos-elf32 elf32-littlearm)

.comment        0x00000000      0x2d6
 .comment       0x00000000       0x1e swiapi.o
 .comment       0x0000001e       0x1e swi_handler.o
 .comment       0x0000003c       0x12 event_init.o
 .comment       0x0000004e       0x12 button_service.o
 .comment       0x00000060       0x1e tick_service.o
 .comment       0x0000007e       0x1e ddf_io.o
 .comment       0x0000009c       0x1e led_driver.o
 .comment       0x000000ba       0x1e serial_driver.o
 .comment       0x000000d8       0x1e segment_driver.o
 .comment       0x000000f6       0x1e blkdev_driver.o
 .comment       0x00000114       0x12 mutex.o
 .comment       0x00000126       0x1e cinit.o
 .comment       0x00000144       0x12 cli_com.o
 .comment       0x00000156       0x12 cli_readline.o
 .comment       0x00000168       0x1e cli_shell.o
 .comment       0x00000186       0x12 cli_serial.o
 .comment       0x00000198       0x12 uid.o
 .comment       0x000001aa       0x1e task1_start.o
 .comment       0x000001c8       0x1e task2_start.o
 .comment       0x000001e6       0x12 task3_start.o
 .comment       0x000001f8       0x1e serial.o
 .comment       0x00000216       0x2a lib.o
 .comment       0x00000240       0x1e system_kernel.o
 .comment       0x0000025e       0x1e file_structure.o
 .comment       0x0000027c       0x1e cmd_program.o
 .comment       0x0000029a       0x1e file_system.o
 .comment       0x000002b8       0x1e iNode.o
