
Allocating common symbols
Common symbol       size              file

device_led          0x8               led_driver.o
ledUID              0x4               button_service.o
host                0x4               cli_serial.o
gpbuff              0x100             cli_com.o
report_buff         0x4               cli_com.o
seg                 0x4               task2_start.o
blkdev              0x4               system_kernel.o
node                0x4               serial_driver.o
rs                  0x10              swiapi.o
ublkdev             0x4               system_kernel.o
led                 0x4               task1_start.o
directoryStack      0x80              cmd_program.o
uled                0x4               task1_start.o
serial              0x4               cli_serial.o
STATE               0x4               cinit.o
countdown           0x4               tick_service.o
segment             0x8               segment_driver.o
useg                0x4               task2_start.o
command_line        0x100             cli_com.o
bcb                 0x10              swi_handler.o
error_buff          0x4               cli_com.o
FileManager         0x18000           system_kernel.o
ledNode             0x4               button_service.o

Memory Configuration

Name             Origin             Length             Attributes
*default*        0x00000000         0xffffffff

Linker script and memory map

                0xa00c0000                . = 0xa00c0000
                0xa00c0000                . = ALIGN (0x4)

.text           0xa00c0000     0x44e0
 *(.text)
 .text          0xa00c0000       0x44 start.o
                0xa00c0000                _mainCRTStartup
                0xa00c0000                _start
                0xa00c0000                start
 .text          0xa00c0044       0x80 init.o
                0xa00c0044                coreInitialize
 .text          0xa00c00c4      0x100 pcb.o
                0xa00c00e8                PCB_TopOfIRQStack
                0xa00c0180                PCB_PtrTask2
                0xa00c01c4                PCB_PtrTask3
                0xa00c00ec                PCB_PtrCurrentTask
                0xa00c013c                PCB_BottomTask2
                0xa00c00c4                pcbSetUp
                0xa00c00dc                PCB_Table
                0xa00c0180                PCB_BottomTask3
                0xa00c013c                PCB_PtrTask1
                0xa00c00f0                PCB_PtrNextTask
                0xa00c00f8                PCB_BottomTask1
                0xa00c00f4                PCB_CurrentTask
 .text          0xa00c01c4      0x2f0 swiapi.o
                0xa00c0364                eventIODeviceWriteBlock
                0xa00c039c                eventIODeviceReadBlock
                0xa00c02f4                eventIODeviceWriteBit
                0xa00c01c4                eventIODeviceInit
                0xa00c0408                bringUpFatalError
                0xa00c0248                eventIODeviceClose
                0xa00c0440                PutReg
                0xa00c0284                eventIODeviceWriteByte
                0xa00c03d4                bringUpTrace
                0xa00c0328                eventIODeviceReadBit
                0xa00c0210                eventIODeviceOpen
                0xa00c02b8                eventIODeviceReadByte
 .text          0xa00c04b4        0x4 undef.o
                0xa00c04b4                coreUndefinedHandler
 .text          0xa00c04b8       0x44 swi.o
                0xa00c04d0                coreSWIHandler
                0xa00c04b8                coreCallSWI
 .text          0xa00c04fc        0x4 prefetch.o
                0xa00c04fc                corePrefetchAbortHandler
 .text          0xa00c0500        0x4 data.o
                0xa00c0500                coreDataAbortHandler
 .text          0xa00c0504        0x4 reserved.o
                0xa00c0504                coreReservedHandler
 .text          0xa00c0508        0x4 irq.o
                0xa00c0508                coreIRQHandler
 .text          0xa00c050c        0x4 fiq.o
                0xa00c050c                coreFIQHandler
 .text          0xa00c0510       0x8c scheduler.o
                0xa00c0510                kernelScheduler
 .text          0xa00c059c      0x174 swi_handler.o
                0xa00c059c                eventsSWIHandler
 .text          0xa00c0710       0x28 irq_handler.o
                0xa00c0714                eventsIRQHandler
 .text          0xa00c0738       0x88 bringup.o
                0xa00c0784                bringUpSetR8fiq
                0xa00c07ac                bringUpSetR10fiq
                0xa00c0798                bringUpSetR9fiq
                0xa00c0768                bringUpInitFIQRegisters
 .text          0xa00c07c0       0x2c cpsr.o
                0xa00c07c0                modifyControlCPSR
 .text          0xa00c07ec       0x14 event_init.o
                0xa00c07ec                eventServicesInit
 .text          0xa00c0800       0x84 button_service.o
                0xa00c0880                eventButtonService
                0xa00c0800                eventButtonMaskIrq
                0xa00c0804                eventButtonUnmaskIrq
                0xa00c0808                eventButtonInit
                0xa00c080c                eventButtonPressed
 .text          0xa00c0884      0x114 tick_service.o
                0xa00c0978                enable_irq
                0xa00c0950                eventTickStart
                0xa00c08f4                eventTickService
                0xa00c0884                eventTickInit
                0xa00c0988                disable_irq
 .text          0xa00c0998      0x1e8 ddf_io.o
                0xa00c09d4                ioOpenDriver
                0xa00c0b20                ioWriteBlock
                0xa00c0a94                ioReadBit
                0xa00c0b50                ioReadBlock
                0xa00c0ac4                ioWriteByte
                0xa00c0a68                ioWriteBit
                0xa00c0998                ioInitializeDrivers
                0xa00c0af0                ioReadByte
                0xa00c0a3c                ioCloseDriver
 .text          0xa00c0b80       0xf0 led_driver.o
                0xa00c0c2c                led_write_byte
                0xa00c0c54                led_read_byte
                0xa00c0bb8                led_open
                0xa00c0b80                led_init
                0xa00c0c08                led_close
 .text          0xa00c0c70      0x110 serial_driver.o
                0xa00c0d04                serial_write_byte
                0xa00c0d40                serial_read_byte
                0xa00c0c98                serial_open
                0xa00c0ce0                serial_close
                0xa00c0c74                serial_init
                0xa00c0c70                internalSerialE7TSetup
 .text          0xa00c0d80      0x230 segment_driver.o
                0xa00c0f94                segment_read_byte
                0xa00c0e04                segment_close
                0xa00c0e28                getSegmentCode
                0xa00c0dc0                segment_open
                0xa00c0efc                segment_write_byte
                0xa00c0d80                segment_init
 .text          0xa00c0fb0      0x3d0 blkdev_driver.o
                0xa00c1210                blkdev_free_block
                0xa00c10b0                blkdev_write_block
                0xa00c1060                blkdev_close
                0xa00c1308                get_blockdatasize
                0xa00c12e0                get_datasize
                0xa00c1084                find_freeblock
                0xa00c11b4                free_block
                0xa00c133c                get_blocksize
                0xa00c1234                blkdev_read_block
                0xa00c101c                blkdev_open
                0xa00c0fb0                blkdev_init
 .text          0xa00c1380       0x38 mutex.o
                0xa00c1380                mutex_gatelock
                0xa00c13a0                mutex_gateunlock
 .text          0xa00c13b8       0xec cinit.o
                0xa00c13b8                cinit_init
                0xa00c141c                C_Entry
 .text          0xa00c14a4      0x394 cli_com.o
                0xa00c1824                CLI
                0xa00c15cc                writeHex
                0xa00c14d4                reportC
                0xa00c17c8                reportError
                0xa00c1604                prettyC
                0xa00c15e8                writeDec
                0xa00c16b0                formatString
                0xa00c14ec                internal_write_dec
                0xa00c15ac                newLine
                0xa00c17b8                handleReportedError
                0xa00c14a4                writeC
                0xa00c14bc                readC
                0xa00c1680                prettyPrint
                0xa00c17c0                reportOK
                0xa00c157c                write0
                0xa00c153c                internal_write_hex
 .text          0xa00c1838      0x448 cli_readline.o
                0xa00c1a28                ReadLineZ
                0xa00c1838                xstrlen
                0xa00c1860                xstrcpy
                0xa00c1a98                readLine
                0xa00c1874                xmemmove
 .text          0xa00c1c80       0x64 cli_shell.o
                0xa00c1c80                shell
 .text          0xa00c1ce4      0x138 cli_serial.o
                0xa00c1ddc                closeHost
                0xa00c1dac                readCharFromHost
                0xa00c1d48                writeCharToHost
                0xa00c1ce4                openHost
                0xa00c1d78                printToHost
 .text          0xa00c1e1c       0x18 uid.o
                0xa00c1e1c                uid_generate
 .text          0xa00c1e34      0x14c task1_start.o
                0xa00c1eb4                readLED
                0xa00c1e84                writeLED
                0xa00c1ee4                C_EntryTask1
                0xa00c1e34                openLED
 .text          0xa00c1f80      0x128 task2_start.o
                0xa00c1fcc                closeSEGMENT
                0xa00c2020                C_EntryTask2
                0xa00c1ff0                writeSEGMENT
                0xa00c1f80                openSEGMENT
 .text          0xa00c20a8       0x9c task3_start.o
                0xa00c2104                C_EntryTask3
                0xa00c20a8                banner
 .text          0xa00c2144       0x2c debug.o
                0xa00c2150                debug_led_test
 .text          0xa00c2170      0x108 serial.o
                0xa00c2244                PutString
                0xa00c2200                PutChar
                0xa00c2170                SerialInit
 .text          0xa00c2278      0xb84 lib.o
                0xa00c266c                PrintDec
                0xa00c2278                MemCpy32
                0xa00c2af8                printf
                0xa00c286c                PrintHex
                0xa00c2308                MemCmp
                0xa00c2cc8                ClearLine
                0xa00c2538                StrToInt
                0xa00c22c4                MemCpy
                0xa00c2640                MOD
                0xa00c2428                HexToInt
                0xa00c2ce4                StrTok
                0xa00c22e4                MemSet
                0xa00c2384                StrLen
                0xa00c2ab8                PrintString
                0xa00c2650                DEV
                0xa00c2624                PrintChar
                0xa00c2ca4                Power
                0xa00c23e0                StrNCmp
                0xa00c235c                StrCmp
                0xa00c2d4c                StrSpn
                0xa00c2c38                DecToLong
                0xa00c2db0                StrpBrk
                0xa00c23b4                StrCpy
 .text          0xa00c2dfc      0x8f0 system_kernel.o
                0xa00c2dfc                FileManager_Initialize
                0xa00c3600                ParsePath
                0xa00c3504                LoadDirectoryStructure
                0xa00c31ac                setHeader
                0xa00c32fc                CopyiNodeWithName
                0xa00c3250                ReadFile
                0xa00c33e4                FindFolderWithPath
                0xa00c2f8c                RemoveFile
                0xa00c34fc                FindInsideDirectory
                0xa00c2e3c                SearchEmptyFileManager
                0xa00c350c                CreateFile
                0xa00c30ac                RemoveDirectory
                0xa00c31e4                SearchWithName
                0xa00c32a8                SearchNameWithCurrentiNode
                0xa00c33c4                SearchFileWithName
                0xa00c3350                RemoveiNodeWithName
                0xa00c2e78                CreateDirectory
 .text          0xa00c36ec       0x8c file_structure.o
                0xa00c370c                FileStructure_SetDirectoryWithName
                0xa00c36ec                FileStruct_Initialize
                0xa00c3750                FileStructure_SetFile
 .text          0xa00c3778      0xaf8 cmd_program.o
                0xa00c3c40                cmd_rm
                0xa00c41a4                SuperBlock_PrintTree
                0xa00c3b0c                cmd_mkdir
                0xa00c3b40                cmd_cat
                0xa00c3fd8                cmd_cp
                0xa00c4174                cmd_usage
                0xa00c3788                seperate_cmd
                0xa00c3ac4                directoryStack_Clear
                0xa00c3ab4                getDirectoryStack
                0xa00c3a10                PrintFiles
                0xa00c380c                parse_cmd
                0xa00c3c58                cmd_fc
                0xa00c3b94                cmd_ll
                0xa00c4118                cmd_tree
                0xa00c3f4c                cmd_mv
                0xa00c3ea8                cmd_cd
                0xa00c3a98                getTopDirectoryStack
                0xa00c3b28                cmd_ls
                0xa00c3778                DIRCountValueSet_init
                0xa00c3db8                MoveDirectory
                0xa00c3c28                cmd_rmdir
 .text          0xa00c4270       0xcc file_system.o
                0xa00c4324                directoryPath
                0xa00c4270                file_system_start
                0xa00c42d4                Initialize
 .text          0xa00c433c      0x178 iNode.o
                0xa00c43f0                iNode_getName
                0xa00c43e8                iNode_SetSuperBlock
                0xa00c449c                iNode_SetPhysicalAddress
                0xa00c433c                iNode_Initialize
                0xa00c43d4                iNode_SetFile
                0xa00c442c                iNode_FindHeadNode
                0xa00c4460                iNode_Release
                0xa00c4434                iNode_AddShibling
                0xa00c43c0                iNode_SetDirectory
                0xa00c438c                iNode_SetDirectoryWithSuperBlock
 .text          0xa00c44b4       0x2c block_init.o
                0xa00c44b4                block_init

.glue_7         0xa00c44e0        0x0

.glue_7t        0xa00c44e0        0x0
                0xa00c44e0                . = ALIGN (0x4)

.rodata         0xa00c44e0       0x14
 *(.rodata)
 .rodata        0xa00c44e0       0x14 cli_com.o
                0xa00c44e0                digits

.rodata.str1.4  0xa00c44f4      0x601
 .rodata.str1.4
                0xa00c44f4       0x26 swiapi.o
                                 0x30 (size before relaxing)
 *fill*         0xa00c451a        0x2 00
 .rodata.str1.4
                0xa00c451c       0x9d blkdev_driver.o
                                 0xa0 (size before relaxing)
 *fill*         0xa00c45b9        0x3 00
 .rodata.str1.4
                0xa00c45bc        0x8 cli_readline.o
 .rodata.str1.4
                0xa00c45c4       0x13 cli_shell.o
                                 0x14 (size before relaxing)
 *fill*         0xa00c45d7        0x1 00
 .rodata.str1.4
                0xa00c45d8       0x75 task3_start.o
                                 0x78 (size before relaxing)
 *fill*         0xa00c464d        0x3 00
 .rodata.str1.4
                0xa00c4650       0x45 lib.o
                                 0x48 (size before relaxing)
 *fill*         0xa00c4695        0x3 00
 .rodata.str1.4
                0xa00c4698      0x1b3 system_kernel.o
                                0x1b4 (size before relaxing)
 *fill*         0xa00c484b        0x1 00
 .rodata.str1.4
                0xa00c484c      0x215 cmd_program.o
                                0x220 (size before relaxing)
 *fill*         0xa00c4a61        0x3 00
 .rodata.str1.4
                0xa00c4a64       0x90 file_system.o
 .rodata.str1.4
                0xa00c4af4        0x1 iNode.o
                                  0xc (size before relaxing)
                0xa00c4af8                . = ALIGN (0x4)

.data           0xa00c4af8      0x130
 *(.data)
 .data          0xa00c4af8       0xc8 ddf_io.o
                0xa00c4af8                devices
 .data          0xa00c4bc0        0x4 mutex.o
                0xa00c4bc0                semaphore
 .data          0xa00c4bc4        0x4 uid.o
                0xa00c4bc4                new_uid
 .data          0xa00c4bc8        0x4 system_kernel.o
                0xa00c4bc8                header
 .data          0xa00c4bcc       0x5c cmd_program.o
                0xa00c4bd0                nameSet
                0xa00c4bcc                stackIndex
                0xa00c4c28                . = ALIGN (0x4)

.got
 *(.got)
                0xa00c4c28                . = ALIGN (0x4)

.bss            0xa00c4c40   0x118500
 *(.bss)
 .bss           0xa00c4c40   0x100000 blkdev_driver.o
 .bss           0xa01c4c40        0x4 cli_com.o
 *fill*         0xa01c4c44       0x1c 00
 COMMON         0xa01c4c60       0x10 swiapi.o
                                  0x0 (size before relaxing)
                0xa01c4c60                rs
 *fill*         0xa01c4c70       0x10 00
 COMMON         0xa01c4c80       0x10 swi_handler.o
                                  0x0 (size before relaxing)
                0xa01c4c80                bcb
 *fill*         0xa01c4c90       0x10 00
 COMMON         0xa01c4ca0       0x24 button_service.o
                                  0x0 (size before relaxing)
                0xa01c4ca0                ledUID
                0xa01c4cc0                ledNode
 *fill*         0xa01c4cc4       0x1c 00
 COMMON         0xa01c4ce0        0x4 tick_service.o
                                  0x0 (size before relaxing)
                0xa01c4ce0                countdown
 *fill*         0xa01c4ce4       0x1c 00
 COMMON         0xa01c4d00        0x8 led_driver.o
                                  0x0 (size before relaxing)
                0xa01c4d00                device_led
 *fill*         0xa01c4d08       0x18 00
 COMMON         0xa01c4d20        0x4 serial_driver.o
                                  0x0 (size before relaxing)
                0xa01c4d20                node
 *fill*         0xa01c4d24       0x1c 00
 COMMON         0xa01c4d40        0x8 segment_driver.o
                                  0x0 (size before relaxing)
                0xa01c4d40                segment
 *fill*         0xa01c4d48       0x18 00
 COMMON         0xa01c4d60        0x4 cinit.o
                                  0x0 (size before relaxing)
                0xa01c4d60                STATE
 *fill*         0xa01c4d64       0x1c 00
 COMMON         0xa01c4d80      0x224 cli_com.o
                                  0x0 (size before relaxing)
                0xa01c4d80                gpbuff
                0xa01c4e80                report_buff
                0xa01c4e88                command_line
                0xa01c4fa0                error_buff
 *fill*         0xa01c4fa4       0x1c 00
 COMMON         0xa01c4fc0       0x24 cli_serial.o
                                  0x0 (size before relaxing)
                0xa01c4fc0                host
                0xa01c4fe0                serial
 *fill*         0xa01c4fe4       0x1c 00
 COMMON         0xa01c5000       0x24 task1_start.o
                                  0x0 (size before relaxing)
                0xa01c5000                led
                0xa01c5020                uled
 *fill*         0xa01c5024       0x1c 00
 COMMON         0xa01c5040       0x24 task2_start.o
                                  0x0 (size before relaxing)
                0xa01c5040                seg
                0xa01c5060                useg
 *fill*         0xa01c5064       0x1c 00
 COMMON         0xa01c5080    0x18040 system_kernel.o
                                  0x0 (size before relaxing)
                0xa01c5080                blkdev
                0xa01c50a0                ublkdev
                0xa01c50c0                FileManager
 COMMON         0xa01dd0c0       0x80 cmd_program.o
                                  0x0 (size before relaxing)
                0xa01dd0c0                directoryStack
                0xa0600000                . = 0xa0600000
                0xa0600000                . = ALIGN (0x4)

.cache          0xa0600000   0x100000
                0xa0600000                __scache = .
                0xa0700000                . = (. + 0x100000)
 *fill*         0xa0600000   0x100000 00
                0xa0700000                __ecache = .

.block          0xa0700000  0x3900000
                0xa0700000                __sblock = .
                0xa4000000                . = (. + 0x3900000)
 *fill*         0xa0700000  0x3900000 00
                0xa4000000                __eblock = .
LOAD start.o
LOAD init.o
LOAD pcb.o
LOAD swiapi.o
LOAD undef.o
LOAD swi.o
LOAD prefetch.o
LOAD data.o
LOAD reserved.o
LOAD irq.o
LOAD fiq.o
LOAD scheduler.o
LOAD swi_handler.o
LOAD irq_handler.o
LOAD bringup.o
LOAD cpsr.o
LOAD event_init.o
LOAD button_service.o
LOAD tick_service.o
LOAD ddf_io.o
LOAD led_driver.o
LOAD serial_driver.o
LOAD segment_driver.o
LOAD blkdev_driver.o
LOAD mutex.o
LOAD cinit.o
LOAD cli_com.o
LOAD cli_readline.o
LOAD cli_shell.o
LOAD cli_serial.o
LOAD uid.o
LOAD task1_start.o
LOAD task2_start.o
LOAD task3_start.o
LOAD debug.o
LOAD serial.o
LOAD lib.o
LOAD system_kernel.o
LOAD file_structure.o
LOAD cmd_program.o
LOAD file_system.o
LOAD iNode.o
LOAD block_init.o
OUTPUT(slos-elf32 elf32-littlearm)

.comment        0x00000000      0x2d6
 .comment       0x00000000       0x1e swiapi.o
 .comment       0x0000001e       0x1e swi_handler.o
 .comment       0x0000003c       0x12 event_init.o
 .comment       0x0000004e       0x12 button_service.o
 .comment       0x00000060       0x1e tick_service.o
 .comment       0x0000007e       0x1e ddf_io.o
 .comment       0x0000009c       0x1e led_driver.o
 .comment       0x000000ba       0x1e serial_driver.o
 .comment       0x000000d8       0x1e segment_driver.o
 .comment       0x000000f6       0x1e blkdev_driver.o
 .comment       0x00000114       0x12 mutex.o
 .comment       0x00000126       0x1e cinit.o
 .comment       0x00000144       0x12 cli_com.o
 .comment       0x00000156       0x12 cli_readline.o
 .comment       0x00000168       0x1e cli_shell.o
 .comment       0x00000186       0x12 cli_serial.o
 .comment       0x00000198       0x12 uid.o
 .comment       0x000001aa       0x1e task1_start.o
 .comment       0x000001c8       0x1e task2_start.o
 .comment       0x000001e6       0x12 task3_start.o
 .comment       0x000001f8       0x1e serial.o
 .comment       0x00000216       0x2a lib.o
 .comment       0x00000240       0x1e system_kernel.o
 .comment       0x0000025e       0x1e file_structure.o
 .comment       0x0000027c       0x1e cmd_program.o
 .comment       0x0000029a       0x1e file_system.o
 .comment       0x000002b8       0x1e iNode.o
