
Allocating common symbols
Common symbol       size              file

device_led          0x8               led_driver.o
ledUID              0x4               button_service.o
host                0x4               cli_serial.o
gpbuff              0x100             cli_com.o
report_buff         0x4               cli_com.o
seg                 0x4               task2_start.o
blkdev              0x4               system_kernel.o
node                0x4               serial_driver.o
rs                  0x10              swiapi.o
ublkdev             0x4               system_kernel.o
directoryStack      0x80              cmd_program.o
serial              0x4               cli_serial.o
STATE               0x4               cinit.o
countdown           0x4               tick_service.o
ublkdev_task1       0x4               task1_start.o
segment             0x8               segment_driver.o
useg                0x4               task2_start.o
command_line        0x100             cli_com.o
bcb                 0x10              swi_handler.o
blkdev_task1        0x4               task1_start.o
error_buff          0x4               cli_com.o
FileManager         0x18000           system_kernel.o
ledNode             0x4               button_service.o

Memory Configuration

Name             Origin             Length             Attributes
*default*        0x00000000         0xffffffff

Linker script and memory map

                0xa00c0000                . = 0xa00c0000
                0xa00c0000                . = ALIGN (0x4)

.text           0xa00c0000     0x43fc
 *(.text)
 .text          0xa00c0000       0x44 start.o
                0xa00c0000                _mainCRTStartup
                0xa00c0000                _start
                0xa00c0000                start
 .text          0xa00c0044       0x80 init.o
                0xa00c0044                coreInitialize
 .text          0xa00c00c4      0x100 pcb.o
                0xa00c00e8                PCB_TopOfIRQStack
                0xa00c0180                PCB_PtrTask2
                0xa00c01c4                PCB_PtrTask3
                0xa00c00ec                PCB_PtrCurrentTask
                0xa00c013c                PCB_BottomTask2
                0xa00c00c4                pcbSetUp
                0xa00c00dc                PCB_Table
                0xa00c0180                PCB_BottomTask3
                0xa00c013c                PCB_PtrTask1
                0xa00c00f0                PCB_PtrNextTask
                0xa00c00f8                PCB_BottomTask1
                0xa00c00f4                PCB_CurrentTask
 .text          0xa00c01c4      0x2f0 swiapi.o
                0xa00c0364                eventIODeviceWriteBlock
                0xa00c039c                eventIODeviceReadBlock
                0xa00c02f4                eventIODeviceWriteBit
                0xa00c01c4                eventIODeviceInit
                0xa00c0408                bringUpFatalError
                0xa00c0248                eventIODeviceClose
                0xa00c0440                PutReg
                0xa00c0284                eventIODeviceWriteByte
                0xa00c03d4                bringUpTrace
                0xa00c0328                eventIODeviceReadBit
                0xa00c0210                eventIODeviceOpen
                0xa00c02b8                eventIODeviceReadByte
 .text          0xa00c04b4        0x4 undef.o
                0xa00c04b4                coreUndefinedHandler
 .text          0xa00c04b8       0x44 swi.o
                0xa00c04d0                coreSWIHandler
                0xa00c04b8                coreCallSWI
 .text          0xa00c04fc        0x4 prefetch.o
                0xa00c04fc                corePrefetchAbortHandler
 .text          0xa00c0500        0x4 data.o
                0xa00c0500                coreDataAbortHandler
 .text          0xa00c0504        0x4 reserved.o
                0xa00c0504                coreReservedHandler
 .text          0xa00c0508        0x4 irq.o
                0xa00c0508                coreIRQHandler
 .text          0xa00c050c        0x4 fiq.o
                0xa00c050c                coreFIQHandler
 .text          0xa00c0510       0x8c scheduler.o
                0xa00c0510                kernelScheduler
 .text          0xa00c059c      0x174 swi_handler.o
                0xa00c059c                eventsSWIHandler
 .text          0xa00c0710       0x28 irq_handler.o
                0xa00c0714                eventsIRQHandler
 .text          0xa00c0738       0x88 bringup.o
                0xa00c0784                bringUpSetR8fiq
                0xa00c07ac                bringUpSetR10fiq
                0xa00c0798                bringUpSetR9fiq
                0xa00c0768                bringUpInitFIQRegisters
 .text          0xa00c07c0       0x2c cpsr.o
                0xa00c07c0                modifyControlCPSR
 .text          0xa00c07ec       0x14 event_init.o
                0xa00c07ec                eventServicesInit
 .text          0xa00c0800       0x84 button_service.o
                0xa00c0880                eventButtonService
                0xa00c0800                eventButtonMaskIrq
                0xa00c0804                eventButtonUnmaskIrq
                0xa00c0808                eventButtonInit
                0xa00c080c                eventButtonPressed
 .text          0xa00c0884      0x114 tick_service.o
                0xa00c0978                enable_irq
                0xa00c0950                eventTickStart
                0xa00c08f4                eventTickService
                0xa00c0884                eventTickInit
                0xa00c0988                disable_irq
 .text          0xa00c0998      0x1e8 ddf_io.o
                0xa00c09d4                ioOpenDriver
                0xa00c0b20                ioWriteBlock
                0xa00c0a94                ioReadBit
                0xa00c0b50                ioReadBlock
                0xa00c0ac4                ioWriteByte
                0xa00c0a68                ioWriteBit
                0xa00c0998                ioInitializeDrivers
                0xa00c0af0                ioReadByte
                0xa00c0a3c                ioCloseDriver
 .text          0xa00c0b80       0xf0 led_driver.o
                0xa00c0c2c                led_write_byte
                0xa00c0c54                led_read_byte
                0xa00c0bb8                led_open
                0xa00c0b80                led_init
                0xa00c0c08                led_close
 .text          0xa00c0c70      0x110 serial_driver.o
                0xa00c0d04                serial_write_byte
                0xa00c0d40                serial_read_byte
                0xa00c0c98                serial_open
                0xa00c0ce0                serial_close
                0xa00c0c74                serial_init
                0xa00c0c70                internalSerialE7TSetup
 .text          0xa00c0d80      0x230 segment_driver.o
                0xa00c0f94                segment_read_byte
                0xa00c0e04                segment_close
                0xa00c0e28                getSegmentCode
                0xa00c0dc0                segment_open
                0xa00c0efc                segment_write_byte
                0xa00c0d80                segment_init
 .text          0xa00c0fb0      0x398 blkdev_driver.o
                0xa00c11d8                blkdev_free_block
                0xa00c1074                blkdev_write_block
                0xa00c1024                blkdev_close
                0xa00c12d0                get_blockdatasize
                0xa00c12a8                get_datasize
                0xa00c1048                find_freeblock
                0xa00c117c                free_block
                0xa00c1304                get_blocksize
                0xa00c11fc                blkdev_read_block
                0xa00c0fe0                blkdev_open
                0xa00c0fb0                blkdev_init
 .text          0xa00c1348       0x38 mutex.o
                0xa00c1348                mutex_gatelock
                0xa00c1368                mutex_gateunlock
 .text          0xa00c1380       0xec cinit.o
                0xa00c1380                cinit_init
                0xa00c13e4                C_Entry
 .text          0xa00c146c      0x394 cli_com.o
                0xa00c17ec                CLI
                0xa00c1594                writeHex
                0xa00c149c                reportC
                0xa00c1790                reportError
                0xa00c15cc                prettyC
                0xa00c15b0                writeDec
                0xa00c1678                formatString
                0xa00c14b4                internal_write_dec
                0xa00c1574                newLine
                0xa00c1780                handleReportedError
                0xa00c146c                writeC
                0xa00c1484                readC
                0xa00c1648                prettyPrint
                0xa00c1788                reportOK
                0xa00c1544                write0
                0xa00c1504                internal_write_hex
 .text          0xa00c1800      0x448 cli_readline.o
                0xa00c19f0                ReadLineZ
                0xa00c1800                xstrlen
                0xa00c1828                xstrcpy
                0xa00c1a60                readLine
                0xa00c183c                xmemmove
 .text          0xa00c1c48       0x64 cli_shell.o
                0xa00c1c48                shell
 .text          0xa00c1cac      0x138 cli_serial.o
                0xa00c1da4                closeHost
                0xa00c1d74                readCharFromHost
                0xa00c1d10                writeCharToHost
                0xa00c1cac                openHost
                0xa00c1d40                printToHost
 .text          0xa00c1de4       0x18 uid.o
                0xa00c1de4                uid_generate
 .text          0xa00c1dfc       0xcc task1_start.o
                0xa00c1dfc                openBLKDEV
                0xa00c1ec0                C_EntryTask1
                0xa00c1e90                readBLKDEV
                0xa00c1e4c                writeBLKDEV
 .text          0xa00c1ec8      0x128 task2_start.o
                0xa00c1f14                closeSEGMENT
                0xa00c1f68                C_EntryTask2
                0xa00c1f38                writeSEGMENT
                0xa00c1ec8                openSEGMENT
 .text          0xa00c1ff0       0x9c task3_start.o
                0xa00c204c                C_EntryTask3
                0xa00c1ff0                banner
 .text          0xa00c208c       0x2c debug.o
                0xa00c2098                debug_led_test
 .text          0xa00c20b8      0x108 serial.o
                0xa00c218c                PutString
                0xa00c2148                PutChar
                0xa00c20b8                SerialInit
 .text          0xa00c21c0      0xb84 lib.o
                0xa00c25b4                PrintDec
                0xa00c21c0                MemCpy32
                0xa00c2a40                printf
                0xa00c27b4                PrintHex
                0xa00c2250                MemCmp
                0xa00c2c10                ClearLine
                0xa00c2480                StrToInt
                0xa00c220c                MemCpy
                0xa00c2588                MOD
                0xa00c2370                HexToInt
                0xa00c2c2c                StrTok
                0xa00c222c                MemSet
                0xa00c22cc                StrLen
                0xa00c2a00                PrintString
                0xa00c2598                DEV
                0xa00c256c                PrintChar
                0xa00c2bec                Power
                0xa00c2328                StrNCmp
                0xa00c22a4                StrCmp
                0xa00c2c94                StrSpn
                0xa00c2b80                DecToLong
                0xa00c2cf8                StrpBrk
                0xa00c22fc                StrCpy
 .text          0xa00c2d44      0x8f0 system_kernel.o
                0xa00c2d44                FileManager_Initialize
                0xa00c3548                ParsePath
                0xa00c344c                LoadDirectoryStructure
                0xa00c30f4                setHeader
                0xa00c3244                CopyiNodeWithName
                0xa00c3198                ReadFile
                0xa00c332c                FindFolderWithPath
                0xa00c2ed4                RemoveFile
                0xa00c3444                FindInsideDirectory
                0xa00c2d84                SearchEmptyFileManager
                0xa00c3454                CreateFile
                0xa00c2ff4                RemoveDirectory
                0xa00c312c                SearchWithName
                0xa00c31f0                SearchNameWithCurrentiNode
                0xa00c330c                SearchFileWithName
                0xa00c3298                RemoveiNodeWithName
                0xa00c2dc0                CreateDirectory
 .text          0xa00c3634       0x8c file_structure.o
                0xa00c3654                FileStructure_SetDirectoryWithName
                0xa00c3634                FileStruct_Initialize
                0xa00c3698                FileStructure_SetFile
 .text          0xa00c36c0      0xab4 cmd_program.o
                0xa00c3b44                cmd_rm
                0xa00c40a8                SuperBlock_PrintTree
                0xa00c3a48                cmd_mkdir
                0xa00c3a7c                cmd_cat
                0xa00c3edc                cmd_cp
                0xa00c4078                cmd_usage
                0xa00c36d0                seperate_cmd
                0xa00c3a00                directoryStack_Clear
                0xa00c39f0                getDirectoryStack
                0xa00c394c                PrintFiles
                0xa00c3754                parse_cmd
                0xa00c3b5c                cmd_fc
                0xa00c3a98                cmd_ll
                0xa00c401c                cmd_tree
                0xa00c3e50                cmd_mv
                0xa00c3dac                cmd_cd
                0xa00c39d4                getTopDirectoryStack
                0xa00c3a64                cmd_ls
                0xa00c36c0                DIRCountValueSet_init
                0xa00c3cbc                MoveDirectory
                0xa00c3b2c                cmd_rmdir
 .text          0xa00c4174       0xcc file_system.o
                0xa00c4228                directoryPath
                0xa00c4174                file_system_start
                0xa00c41d8                Initialize
 .text          0xa00c4240      0x194 iNode.o
                0xa00c42f4                iNode_getName
                0xa00c42ec                iNode_SetSuperBlock
                0xa00c43bc                iNode_SetPhysicalAddress
                0xa00c4240                iNode_Initialize
                0xa00c42d8                iNode_SetFile
                0xa00c4330                iNode_FindHeadNode
                0xa00c4364                iNode_Release
                0xa00c4338                iNode_AddShibling
                0xa00c42c4                iNode_SetDirectory
                0xa00c4290                iNode_SetDirectoryWithSuperBlock
 .text          0xa00c43d4       0x28 block_init.o
                0xa00c43d4                block_init

.glue_7         0xa00c43fc        0x0

.glue_7t        0xa00c43fc        0x0
                0xa00c43fc                . = ALIGN (0x4)

.rodata         0xa00c43fc       0x14
 *(.rodata)
 .rodata        0xa00c43fc       0x14 cli_com.o
                0xa00c43fc                digits

.rodata.str1.4  0xa00c4410      0x606
 .rodata.str1.4
                0xa00c4410       0x26 swiapi.o
                                 0x30 (size before relaxing)
 *fill*         0xa00c4436        0x2 00
 .rodata.str1.4
                0xa00c4438       0x8d blkdev_driver.o
                                 0x90 (size before relaxing)
 *fill*         0xa00c44c5        0x3 00
 .rodata.str1.4
                0xa00c44c8        0x8 cli_readline.o
 .rodata.str1.4
                0xa00c44d0       0x19 cli_shell.o
                                 0x1c (size before relaxing)
 *fill*         0xa00c44e9        0x3 00
 .rodata.str1.4
                0xa00c44ec       0x12 task1_start.o
                                 0x14 (size before relaxing)
 *fill*         0xa00c44fe        0x2 00
 .rodata.str1.4
                0xa00c4500       0x75 task3_start.o
                                 0x78 (size before relaxing)
 *fill*         0xa00c4575        0x3 00
 .rodata.str1.4
                0xa00c4578       0x45 lib.o
                                 0x48 (size before relaxing)
 *fill*         0xa00c45bd        0x3 00
 .rodata.str1.4
                0xa00c45c0      0x1b3 system_kernel.o
                                0x1b4 (size before relaxing)
 *fill*         0xa00c4773        0x1 00
 .rodata.str1.4
                0xa00c4774      0x1fd cmd_program.o
                                0x208 (size before relaxing)
 *fill*         0xa00c4971        0x3 00
 .rodata.str1.4
                0xa00c4974       0x90 file_system.o
 .rodata.str1.4
                0xa00c4a04       0x12 iNode.o
                                 0x1c (size before relaxing)
                0xa00c4a18                . = ALIGN (0x4)

.data           0xa00c4a18      0x130
 *(.data)
 .data          0xa00c4a18       0xc8 ddf_io.o
                0xa00c4a18                devices
 .data          0xa00c4ae0        0x4 mutex.o
                0xa00c4ae0                semaphore
 .data          0xa00c4ae4        0x4 uid.o
                0xa00c4ae4                new_uid
 .data          0xa00c4ae8        0x4 system_kernel.o
                0xa00c4ae8                header
 .data          0xa00c4aec       0x5c cmd_program.o
                0xa00c4af0                nameSet
                0xa00c4aec                stackIndex
                0xa00c4b48                . = ALIGN (0x4)

.got
 *(.got)
                0xa00c4b48                . = ALIGN (0x4)

.bss            0xa00c4b60   0x118500
 *(.bss)
 .bss           0xa00c4b60   0x100000 blkdev_driver.o
 .bss           0xa01c4b60        0x4 cli_com.o
 *fill*         0xa01c4b64       0x1c 00
 COMMON         0xa01c4b80       0x10 swiapi.o
                                  0x0 (size before relaxing)
                0xa01c4b80                rs
 *fill*         0xa01c4b90       0x10 00
 COMMON         0xa01c4ba0       0x10 swi_handler.o
                                  0x0 (size before relaxing)
                0xa01c4ba0                bcb
 *fill*         0xa01c4bb0       0x10 00
 COMMON         0xa01c4bc0       0x24 button_service.o
                                  0x0 (size before relaxing)
                0xa01c4bc0                ledUID
                0xa01c4be0                ledNode
 *fill*         0xa01c4be4       0x1c 00
 COMMON         0xa01c4c00        0x4 tick_service.o
                                  0x0 (size before relaxing)
                0xa01c4c00                countdown
 *fill*         0xa01c4c04       0x1c 00
 COMMON         0xa01c4c20        0x8 led_driver.o
                                  0x0 (size before relaxing)
                0xa01c4c20                device_led
 *fill*         0xa01c4c28       0x18 00
 COMMON         0xa01c4c40        0x4 serial_driver.o
                                  0x0 (size before relaxing)
                0xa01c4c40                node
 *fill*         0xa01c4c44       0x1c 00
 COMMON         0xa01c4c60        0x8 segment_driver.o
                                  0x0 (size before relaxing)
                0xa01c4c60                segment
 *fill*         0xa01c4c68       0x18 00
 COMMON         0xa01c4c80        0x4 cinit.o
                                  0x0 (size before relaxing)
                0xa01c4c80                STATE
 *fill*         0xa01c4c84       0x1c 00
 COMMON         0xa01c4ca0      0x224 cli_com.o
                                  0x0 (size before relaxing)
                0xa01c4ca0                gpbuff
                0xa01c4da0                report_buff
                0xa01c4da8                command_line
                0xa01c4ec0                error_buff
 *fill*         0xa01c4ec4       0x1c 00
 COMMON         0xa01c4ee0       0x24 cli_serial.o
                                  0x0 (size before relaxing)
                0xa01c4ee0                host
                0xa01c4f00                serial
 *fill*         0xa01c4f04       0x1c 00
 COMMON         0xa01c4f20       0x24 task1_start.o
                                  0x0 (size before relaxing)
                0xa01c4f20                ublkdev_task1
                0xa01c4f40                blkdev_task1
 *fill*         0xa01c4f44       0x1c 00
 COMMON         0xa01c4f60       0x24 task2_start.o
                                  0x0 (size before relaxing)
                0xa01c4f60                seg
                0xa01c4f80                useg
 *fill*         0xa01c4f84       0x1c 00
 COMMON         0xa01c4fa0    0x18040 system_kernel.o
                                  0x0 (size before relaxing)
                0xa01c4fa0                blkdev
                0xa01c4fc0                ublkdev
                0xa01c4fe0                FileManager
 COMMON         0xa01dcfe0       0x80 cmd_program.o
                                  0x0 (size before relaxing)
                0xa01dcfe0                directoryStack
LOAD start.o
LOAD init.o
LOAD pcb.o
LOAD swiapi.o
LOAD undef.o
LOAD swi.o
LOAD prefetch.o
LOAD data.o
LOAD reserved.o
LOAD irq.o
LOAD fiq.o
LOAD scheduler.o
LOAD swi_handler.o
LOAD irq_handler.o
LOAD bringup.o
LOAD cpsr.o
LOAD event_init.o
LOAD button_service.o
LOAD tick_service.o
LOAD ddf_io.o
LOAD led_driver.o
LOAD serial_driver.o
LOAD segment_driver.o
LOAD blkdev_driver.o
LOAD mutex.o
LOAD cinit.o
LOAD cli_com.o
LOAD cli_readline.o
LOAD cli_shell.o
LOAD cli_serial.o
LOAD uid.o
LOAD task1_start.o
LOAD task2_start.o
LOAD task3_start.o
LOAD debug.o
LOAD serial.o
LOAD lib.o
LOAD system_kernel.o
LOAD file_structure.o
LOAD cmd_program.o
LOAD file_system.o
LOAD iNode.o
LOAD block_init.o
OUTPUT(slos-elf32 elf32-littlearm)

.comment        0x00000000      0x2d6
 .comment       0x00000000       0x1e swiapi.o
 .comment       0x0000001e       0x1e swi_handler.o
 .comment       0x0000003c       0x12 event_init.o
 .comment       0x0000004e       0x12 button_service.o
 .comment       0x00000060       0x1e tick_service.o
 .comment       0x0000007e       0x1e ddf_io.o
 .comment       0x0000009c       0x1e led_driver.o
 .comment       0x000000ba       0x1e serial_driver.o
 .comment       0x000000d8       0x1e segment_driver.o
 .comment       0x000000f6       0x1e blkdev_driver.o
 .comment       0x00000114       0x12 mutex.o
 .comment       0x00000126       0x1e cinit.o
 .comment       0x00000144       0x12 cli_com.o
 .comment       0x00000156       0x12 cli_readline.o
 .comment       0x00000168       0x1e cli_shell.o
 .comment       0x00000186       0x12 cli_serial.o
 .comment       0x00000198       0x12 uid.o
 .comment       0x000001aa       0x1e task1_start.o
 .comment       0x000001c8       0x1e task2_start.o
 .comment       0x000001e6       0x12 task3_start.o
 .comment       0x000001f8       0x1e serial.o
 .comment       0x00000216       0x2a lib.o
 .comment       0x00000240       0x1e system_kernel.o
 .comment       0x0000025e       0x1e file_structure.o
 .comment       0x0000027c       0x1e cmd_program.o
 .comment       0x0000029a       0x1e file_system.o
 .comment       0x000002b8       0x1e iNode.o
