
Allocating common symbols
Common symbol       size              file

device_led          0x8               led_driver.o
ledUID              0x4               button_service.o
host                0x4               cli_serial.o
gpbuff              0x100             cli_com.o
report_buff         0x4               cli_com.o
seg                 0x4               task2_start.o
blkdev              0x4               system_kernel.o
node                0x4               serial_driver.o
rs                  0x10              swiapi.o
ublkdev             0x4               system_kernel.o
directoryStack      0x80              cmd_program.o
serial              0x4               cli_serial.o
STATE               0x4               cinit.o
countdown           0x4               tick_service.o
ublkdev_task1       0x4               task1_start.o
segment             0x8               segment_driver.o
useg                0x4               task2_start.o
command_line        0x100             cli_com.o
bcb                 0x10              blkdev_driver.o
blkdev_task1        0x4               task1_start.o
error_buff          0x4               cli_com.o
FileManager         0x18000           system_kernel.o
ledNode             0x4               button_service.o

Memory Configuration

Name             Origin             Length             Attributes
*default*        0x00000000         0xffffffff

Linker script and memory map

                0xa00c0000                . = 0xa00c0000
                0xa00c0000                . = ALIGN (0x4)

.text           0xa00c0000     0x4460
 *(.text)
 .text          0xa00c0000       0x44 start.o
                0xa00c0000                _mainCRTStartup
                0xa00c0000                _start
                0xa00c0000                start
 .text          0xa00c0044       0x80 init.o
                0xa00c0044                coreInitialize
 .text          0xa00c00c4      0x100 pcb.o
                0xa00c00e8                PCB_TopOfIRQStack
                0xa00c0180                PCB_PtrTask2
                0xa00c01c4                PCB_PtrTask3
                0xa00c00ec                PCB_PtrCurrentTask
                0xa00c013c                PCB_BottomTask2
                0xa00c00c4                pcbSetUp
                0xa00c00dc                PCB_Table
                0xa00c0180                PCB_BottomTask3
                0xa00c013c                PCB_PtrTask1
                0xa00c00f0                PCB_PtrNextTask
                0xa00c00f8                PCB_BottomTask1
                0xa00c00f4                PCB_CurrentTask
 .text          0xa00c01c4      0x318 swiapi.o
                0xa00c0364                eventIODeviceWriteBlock
                0xa00c03c4                eventIODeviceReadBlock
                0xa00c02f4                eventIODeviceWriteBit
                0xa00c01c4                eventIODeviceInit
                0xa00c0430                bringUpFatalError
                0xa00c0248                eventIODeviceClose
                0xa00c0468                PutReg
                0xa00c0284                eventIODeviceWriteByte
                0xa00c03fc                bringUpTrace
                0xa00c0328                eventIODeviceReadBit
                0xa00c0210                eventIODeviceOpen
                0xa00c02b8                eventIODeviceReadByte
 .text          0xa00c04dc        0x4 undef.o
                0xa00c04dc                coreUndefinedHandler
 .text          0xa00c04e0       0x44 swi.o
                0xa00c04f8                coreSWIHandler
                0xa00c04e0                coreCallSWI
 .text          0xa00c0524        0x4 prefetch.o
                0xa00c0524                corePrefetchAbortHandler
 .text          0xa00c0528        0x4 data.o
                0xa00c0528                coreDataAbortHandler
 .text          0xa00c052c        0x4 reserved.o
                0xa00c052c                coreReservedHandler
 .text          0xa00c0530        0x4 irq.o
                0xa00c0530                coreIRQHandler
 .text          0xa00c0534        0x4 fiq.o
                0xa00c0534                coreFIQHandler
 .text          0xa00c0538       0x8c scheduler.o
                0xa00c0538                kernelScheduler
 .text          0xa00c05c4      0x174 swi_handler.o
                0xa00c05c4                eventsSWIHandler
 .text          0xa00c0738       0x28 irq_handler.o
                0xa00c073c                eventsIRQHandler
 .text          0xa00c0760       0x88 bringup.o
                0xa00c07ac                bringUpSetR8fiq
                0xa00c07d4                bringUpSetR10fiq
                0xa00c07c0                bringUpSetR9fiq
                0xa00c0790                bringUpInitFIQRegisters
 .text          0xa00c07e8       0x2c cpsr.o
                0xa00c07e8                modifyControlCPSR
 .text          0xa00c0814       0x14 event_init.o
                0xa00c0814                eventServicesInit
 .text          0xa00c0828       0x84 button_service.o
                0xa00c08a8                eventButtonService
                0xa00c0828                eventButtonMaskIrq
                0xa00c082c                eventButtonUnmaskIrq
                0xa00c0830                eventButtonInit
                0xa00c0834                eventButtonPressed
 .text          0xa00c08ac      0x114 tick_service.o
                0xa00c09a0                enable_irq
                0xa00c0978                eventTickStart
                0xa00c091c                eventTickService
                0xa00c08ac                eventTickInit
                0xa00c09b0                disable_irq
 .text          0xa00c09c0      0x1fc ddf_io.o
                0xa00c09fc                ioOpenDriver
                0xa00c0b48                ioWriteBlock
                0xa00c0abc                ioReadBit
                0xa00c0b8c                ioReadBlock
                0xa00c0aec                ioWriteByte
                0xa00c0a90                ioWriteBit
                0xa00c09c0                ioInitializeDrivers
                0xa00c0b18                ioReadByte
                0xa00c0a64                ioCloseDriver
 .text          0xa00c0bbc       0xf0 led_driver.o
                0xa00c0c68                led_write_byte
                0xa00c0c90                led_read_byte
                0xa00c0bf4                led_open
                0xa00c0bbc                led_init
                0xa00c0c44                led_close
 .text          0xa00c0cac      0x110 serial_driver.o
                0xa00c0d40                serial_write_byte
                0xa00c0d7c                serial_read_byte
                0xa00c0cd4                serial_open
                0xa00c0d1c                serial_close
                0xa00c0cb0                serial_init
                0xa00c0cac                internalSerialE7TSetup
 .text          0xa00c0dbc      0x230 segment_driver.o
                0xa00c0fd0                segment_read_byte
                0xa00c0e40                segment_close
                0xa00c0e64                getSegmentCode
                0xa00c0dfc                segment_open
                0xa00c0f38                segment_write_byte
                0xa00c0dbc                segment_init
 .text          0xa00c0fec      0x344 blkdev_driver.o
                0xa00c11c0                blkdev_free_block
                0xa00c10b0                blkdev_write_block
                0xa00c1060                blkdev_close
                0xa00c12b8                get_blockdatasize
                0xa00c1290                get_datasize
                0xa00c1084                find_freeblock
                0xa00c1198                free_block
                0xa00c12ec                get_blocksize
                0xa00c11e4                blkdev_read_block
                0xa00c101c                blkdev_open
                0xa00c0fec                blkdev_init
 .text          0xa00c1330       0x38 mutex.o
                0xa00c1330                mutex_gatelock
                0xa00c1350                mutex_gateunlock
 .text          0xa00c1368       0xec cinit.o
                0xa00c1368                cinit_init
                0xa00c13cc                C_Entry
 .text          0xa00c1454      0x394 cli_com.o
                0xa00c17d4                CLI
                0xa00c157c                writeHex
                0xa00c1484                reportC
                0xa00c1778                reportError
                0xa00c15b4                prettyC
                0xa00c1598                writeDec
                0xa00c1660                formatString
                0xa00c149c                internal_write_dec
                0xa00c155c                newLine
                0xa00c1768                handleReportedError
                0xa00c1454                writeC
                0xa00c146c                readC
                0xa00c1630                prettyPrint
                0xa00c1770                reportOK
                0xa00c152c                write0
                0xa00c14ec                internal_write_hex
 .text          0xa00c17e8      0x448 cli_readline.o
                0xa00c19d8                ReadLineZ
                0xa00c17e8                xstrlen
                0xa00c1810                xstrcpy
                0xa00c1a48                readLine
                0xa00c1824                xmemmove
 .text          0xa00c1c30       0x64 cli_shell.o
                0xa00c1c30                shell
 .text          0xa00c1c94      0x138 cli_serial.o
                0xa00c1d8c                closeHost
                0xa00c1d5c                readCharFromHost
                0xa00c1cf8                writeCharToHost
                0xa00c1c94                openHost
                0xa00c1d28                printToHost
 .text          0xa00c1dcc       0x18 uid.o
                0xa00c1dcc                uid_generate
 .text          0xa00c1de4       0xcc task1_start.o
                0xa00c1de4                openBLKDEV
                0xa00c1ea8                C_EntryTask1
                0xa00c1e78                readBLKDEV
                0xa00c1e34                writeBLKDEV
 .text          0xa00c1eb0      0x128 task2_start.o
                0xa00c1efc                closeSEGMENT
                0xa00c1f50                C_EntryTask2
                0xa00c1f20                writeSEGMENT
                0xa00c1eb0                openSEGMENT
 .text          0xa00c1fd8       0x9c task3_start.o
                0xa00c2034                C_EntryTask3
                0xa00c1fd8                banner
 .text          0xa00c2074       0x2c debug.o
                0xa00c2080                debug_led_test
 .text          0xa00c20a0      0x108 serial.o
                0xa00c2174                PutString
                0xa00c2130                PutChar
                0xa00c20a0                SerialInit
 .text          0xa00c21a8      0xb84 lib.o
                0xa00c259c                PrintDec
                0xa00c21a8                MemCpy32
                0xa00c2a28                printf
                0xa00c279c                PrintHex
                0xa00c2238                MemCmp
                0xa00c2bf8                ClearLine
                0xa00c2468                StrToInt
                0xa00c21f4                MemCpy
                0xa00c2570                MOD
                0xa00c2358                HexToInt
                0xa00c2c14                StrTok
                0xa00c2214                MemSet
                0xa00c22b4                StrLen
                0xa00c29e8                PrintString
                0xa00c2580                DEV
                0xa00c2554                PrintChar
                0xa00c2bd4                Power
                0xa00c2310                StrNCmp
                0xa00c228c                StrCmp
                0xa00c2c7c                StrSpn
                0xa00c2b68                DecToLong
                0xa00c2ce0                StrpBrk
                0xa00c22e4                StrCpy
 .text          0xa00c2d2c      0x9a4 system_kernel.o
                0xa00c2d2c                FileManager_Initialize
                0xa00c35c8                ParsePath
                0xa00c3470                LoadDirectoryStructure
                0xa00c3120                setHeader
                0xa00c3240                CopyiNodeWithName
                0xa00c3328                FindFolderWithPath
                0xa00c2f00                RemoveFile
                0xa00c3468                FindInsideDirectory
                0xa00c2d78                SearchEmptyFileManager
                0xa00c3478                CreateFile
                0xa00c3020                RemoveDirectory
                0xa00c3158                SearchWithName
                0xa00c31e0                SearchNameWithCurrentiNode
                0xa00c3308                SearchFileWithName
                0xa00c3294                RemoveiNodeWithName
                0xa00c2db4                CreateDirectory
 .text          0xa00c36d0       0x8c file_structure.o
                0xa00c36f0                FileStructure_SetDirectoryWithName
                0xa00c36d0                FileStruct_Initialize
                0xa00c3734                FileStructure_SetFile
 .text          0xa00c375c      0xab0 cmd_program.o
                0xa00c3b34                cmd_rm
                0xa00c4140                SuperBlock_PrintTree
                0xa00c3ad0                cmd_mkdir
                0xa00c3f58                cmd_cp
                0xa00c4110                cmd_usage
                0xa00c376c                seperate_cmd
                0xa00c3a88                directoryStack_Clear
                0xa00c3a78                getDirectoryStack
                0xa00c39d4                PrintFiles
                0xa00c3814                parse_cmd
                0xa00c3b4c                cmd_fc
                0xa00c40b4                cmd_tree
                0xa00c3ecc                cmd_mv
                0xa00c3e28                cmd_cd
                0xa00c3a5c                getTopDirectoryStack
                0xa00c3b04                cmd_ls
                0xa00c375c                DIRCountValueSet_init
                0xa00c3d14                MoveDirectory
                0xa00c3b1c                cmd_rmdir
 .text          0xa00c420c       0xd8 file_system.o
                0xa00c42cc                directoryPath
                0xa00c420c                file_system_start
                0xa00c4270                Initialize
 .text          0xa00c42e4      0x154 iNode.o
                0xa00c4398                iNode_getName
                0xa00c4390                iNode_SetSuperBlock
                0xa00c4420                iNode_SetPhysicalAddress
                0xa00c42e4                iNode_Initialize
                0xa00c437c                iNode_SetFile
                0xa00c43d4                iNode_FindHeadNode
                0xa00c4408                iNode_Release
                0xa00c43dc                iNode_AddShibling
                0xa00c4368                iNode_SetDirectory
                0xa00c4334                iNode_SetDirectoryWithSuperBlock
 .text          0xa00c4438       0x28 block_init.o
                0xa00c4438                block_init

.glue_7         0xa00c4460        0x0

.glue_7t        0xa00c4460        0x0
                0xa00c4460                . = ALIGN (0x4)

.rodata         0xa00c4460       0x14
 *(.rodata)
 .rodata        0xa00c4460       0x14 cli_com.o
                0xa00c4460                digits

.rodata.str1.4  0xa00c4474      0x84d
 .rodata.str1.4
                0xa00c4474       0x5a swiapi.o
                                 0x64 (size before relaxing)
 *fill*         0xa00c44ce        0x2 00
 .rodata.str1.4
                0xa00c44d0       0x15 ddf_io.o
                                 0x18 (size before relaxing)
 *fill*         0xa00c44e5        0x3 00
 .rodata.str1.4
                0xa00c44e8       0x31 blkdev_driver.o
                                 0x34 (size before relaxing)
 *fill*         0xa00c4519        0x3 00
 .rodata.str1.4
                0xa00c451c        0x8 cli_readline.o
 .rodata.str1.4
                0xa00c4524       0x19 cli_shell.o
                                 0x1c (size before relaxing)
 *fill*         0xa00c453d        0x3 00
 .rodata.str1.4
                0xa00c4540       0x12 task1_start.o
                                 0x14 (size before relaxing)
 *fill*         0xa00c4552        0x2 00
 .rodata.str1.4
                0xa00c4554       0x75 task3_start.o
                                 0x78 (size before relaxing)
 *fill*         0xa00c45c9        0x3 00
 .rodata.str1.4
                0xa00c45cc       0x45 lib.o
                                 0x48 (size before relaxing)
 *fill*         0xa00c4611        0x3 00
 .rodata.str1.4
                0xa00c4614      0x377 system_kernel.o
                                0x378 (size before relaxing)
 *fill*         0xa00c498b        0x1 00
 .rodata.str1.4
                0xa00c498c      0x279 cmd_program.o
                                0x284 (size before relaxing)
 *fill*         0xa00c4c05        0x3 00
 .rodata.str1.4
                0xa00c4c08       0xb5 file_system.o
                                 0xb8 (size before relaxing)
 *fill*         0xa00c4cbd        0x3 00
 .rodata.str1.4
                0xa00c4cc0        0x1 iNode.o
                                  0xc (size before relaxing)
                0xa00c4cc4                . = ALIGN (0x4)

.data           0xa00c4cc4      0x130
 *(.data)
 .data          0xa00c4cc4       0xc8 ddf_io.o
                0xa00c4cc4                devices
 .data          0xa00c4d8c        0x4 mutex.o
                0xa00c4d8c                semaphore
 .data          0xa00c4d90        0x4 uid.o
                0xa00c4d90                new_uid
 .data          0xa00c4d94        0x4 system_kernel.o
                0xa00c4d94                header
 .data          0xa00c4d98       0x5c cmd_program.o
                0xa00c4d9c                nameSet
                0xa00c4d98                stackIndex
                0xa00c4df4                . = ALIGN (0x4)

.got
 *(.got)
                0xa00c4df4                . = ALIGN (0x4)

.bss            0xa00c4e00   0x118500
 *(.bss)
 .bss           0xa00c4e00   0x100000 blkdev_driver.o
 .bss           0xa01c4e00        0x4 cli_com.o
 *fill*         0xa01c4e04       0x1c 00
 COMMON         0xa01c4e20       0x10 swiapi.o
                                  0x0 (size before relaxing)
                0xa01c4e20                rs
 *fill*         0xa01c4e30       0x10 00
 COMMON         0xa01c4e40       0x24 button_service.o
                                  0x0 (size before relaxing)
                0xa01c4e40                ledUID
                0xa01c4e60                ledNode
 *fill*         0xa01c4e64       0x1c 00
 COMMON         0xa01c4e80        0x4 tick_service.o
                                  0x0 (size before relaxing)
                0xa01c4e80                countdown
 *fill*         0xa01c4e84       0x1c 00
 COMMON         0xa01c4ea0        0x8 led_driver.o
                                  0x0 (size before relaxing)
                0xa01c4ea0                device_led
 *fill*         0xa01c4ea8       0x18 00
 COMMON         0xa01c4ec0        0x4 serial_driver.o
                                  0x0 (size before relaxing)
                0xa01c4ec0                node
 *fill*         0xa01c4ec4       0x1c 00
 COMMON         0xa01c4ee0        0x8 segment_driver.o
                                  0x0 (size before relaxing)
                0xa01c4ee0                segment
 *fill*         0xa01c4ee8       0x18 00
 COMMON         0xa01c4f00       0x10 blkdev_driver.o
                                  0x0 (size before relaxing)
                0xa01c4f00                bcb
 *fill*         0xa01c4f10       0x10 00
 COMMON         0xa01c4f20        0x4 cinit.o
                                  0x0 (size before relaxing)
                0xa01c4f20                STATE
 *fill*         0xa01c4f24       0x1c 00
 COMMON         0xa01c4f40      0x224 cli_com.o
                                  0x0 (size before relaxing)
                0xa01c4f40                gpbuff
                0xa01c5040                report_buff
                0xa01c5048                command_line
                0xa01c5160                error_buff
 *fill*         0xa01c5164       0x1c 00
 COMMON         0xa01c5180       0x24 cli_serial.o
                                  0x0 (size before relaxing)
                0xa01c5180                host
                0xa01c51a0                serial
 *fill*         0xa01c51a4       0x1c 00
 COMMON         0xa01c51c0       0x24 task1_start.o
                                  0x0 (size before relaxing)
                0xa01c51c0                ublkdev_task1
                0xa01c51e0                blkdev_task1
 *fill*         0xa01c51e4       0x1c 00
 COMMON         0xa01c5200       0x24 task2_start.o
                                  0x0 (size before relaxing)
                0xa01c5200                seg
                0xa01c5220                useg
 *fill*         0xa01c5224       0x1c 00
 COMMON         0xa01c5240    0x18040 system_kernel.o
                                  0x0 (size before relaxing)
                0xa01c5240                blkdev
                0xa01c5260                ublkdev
                0xa01c5280                FileManager
 COMMON         0xa01dd280       0x80 cmd_program.o
                                  0x0 (size before relaxing)
                0xa01dd280                directoryStack
LOAD start.o
LOAD init.o
LOAD pcb.o
LOAD swiapi.o
LOAD undef.o
LOAD swi.o
LOAD prefetch.o
LOAD data.o
LOAD reserved.o
LOAD irq.o
LOAD fiq.o
LOAD scheduler.o
LOAD swi_handler.o
LOAD irq_handler.o
LOAD bringup.o
LOAD cpsr.o
LOAD event_init.o
LOAD button_service.o
LOAD tick_service.o
LOAD ddf_io.o
LOAD led_driver.o
LOAD serial_driver.o
LOAD segment_driver.o
LOAD blkdev_driver.o
LOAD mutex.o
LOAD cinit.o
LOAD cli_com.o
LOAD cli_readline.o
LOAD cli_shell.o
LOAD cli_serial.o
LOAD uid.o
LOAD task1_start.o
LOAD task2_start.o
LOAD task3_start.o
LOAD debug.o
LOAD serial.o
LOAD lib.o
LOAD system_kernel.o
LOAD file_structure.o
LOAD cmd_program.o
LOAD file_system.o
LOAD iNode.o
LOAD block_init.o
OUTPUT(slos-elf32 elf32-littlearm)

.comment        0x00000000      0x2d6
 .comment       0x00000000       0x1e swiapi.o
 .comment       0x0000001e       0x1e swi_handler.o
 .comment       0x0000003c       0x12 event_init.o
 .comment       0x0000004e       0x12 button_service.o
 .comment       0x00000060       0x1e tick_service.o
 .comment       0x0000007e       0x1e ddf_io.o
 .comment       0x0000009c       0x1e led_driver.o
 .comment       0x000000ba       0x1e serial_driver.o
 .comment       0x000000d8       0x1e segment_driver.o
 .comment       0x000000f6       0x1e blkdev_driver.o
 .comment       0x00000114       0x12 mutex.o
 .comment       0x00000126       0x1e cinit.o
 .comment       0x00000144       0x12 cli_com.o
 .comment       0x00000156       0x12 cli_readline.o
 .comment       0x00000168       0x1e cli_shell.o
 .comment       0x00000186       0x12 cli_serial.o
 .comment       0x00000198       0x12 uid.o
 .comment       0x000001aa       0x1e task1_start.o
 .comment       0x000001c8       0x1e task2_start.o
 .comment       0x000001e6       0x12 task3_start.o
 .comment       0x000001f8       0x1e serial.o
 .comment       0x00000216       0x2a lib.o
 .comment       0x00000240       0x1e system_kernel.o
 .comment       0x0000025e       0x1e file_structure.o
 .comment       0x0000027c       0x1e cmd_program.o
 .comment       0x0000029a       0x1e file_system.o
 .comment       0x000002b8       0x1e iNode.o
